Archive member included because of file (symbol)

E:\bahan mata kuliah politeknik telkom\ganjil 2013-2014\Sistem Interoperabilitas\Project Arduino\AirCasting-Sensor-Bluetooth\build\/lib_duemilanove328_16.a(BTD.cpp.o)
                              build\AirCasting-Sensor-Bluetooth.o (BTD::BTD(USB*))
E:\bahan mata kuliah politeknik telkom\ganjil 2013-2014\Sistem Interoperabilitas\Project Arduino\AirCasting-Sensor-Bluetooth\build\/lib_duemilanove328_16.a(parsetools.cpp.o)
                              E:\bahan mata kuliah politeknik telkom\ganjil 2013-2014\Sistem Interoperabilitas\Project Arduino\AirCasting-Sensor-Bluetooth\build\/lib_duemilanove328_16.a(BTD.cpp.o) (MultiByteValueParser::Parse(unsigned char**, unsigned int*))
E:\bahan mata kuliah politeknik telkom\ganjil 2013-2014\Sistem Interoperabilitas\Project Arduino\AirCasting-Sensor-Bluetooth\build\/lib_duemilanove328_16.a(SPP.cpp.o)
                              build\AirCasting-Sensor-Bluetooth.o (SPP::SPP(BTD*, char const*, char const*))
E:\bahan mata kuliah politeknik telkom\ganjil 2013-2014\Sistem Interoperabilitas\Project Arduino\AirCasting-Sensor-Bluetooth\build\/lib_duemilanove328_16.a(Usb.cpp.o)
                              build\AirCasting-Sensor-Bluetooth.o (USB::USB())
E:\bahan mata kuliah politeknik telkom\ganjil 2013-2014\Sistem Interoperabilitas\Project Arduino\AirCasting-Sensor-Bluetooth\build\/lib_duemilanove328_16.a(OneWire.cpp.o)
                              build\AirCasting-Sensor-Bluetooth.o (OneWire::OneWire(unsigned char))
E:\bahan mata kuliah politeknik telkom\ganjil 2013-2014\Sistem Interoperabilitas\Project Arduino\AirCasting-Sensor-Bluetooth\build\/lib_duemilanove328_16.a(DallasTemperature.cpp.o)
                              build\AirCasting-Sensor-Bluetooth.o (DallasTemperature::DallasTemperature(OneWire*))
E:\bahan mata kuliah politeknik telkom\ganjil 2013-2014\Sistem Interoperabilitas\Project Arduino\AirCasting-Sensor-Bluetooth\build\/core_duemilanove328_16.a(main.cpp.o)
                              e:/codeblocks-arduino baru/codeblocks/bin/../lib/gcc/avr/4.3.3/../../../../avr/lib/avr5/crtm328p.o (main)
E:\bahan mata kuliah politeknik telkom\ganjil 2013-2014\Sistem Interoperabilitas\Project Arduino\AirCasting-Sensor-Bluetooth\build\/core_duemilanove328_16.a(new.cpp.o)
                              E:\bahan mata kuliah politeknik telkom\ganjil 2013-2014\Sistem Interoperabilitas\Project Arduino\AirCasting-Sensor-Bluetooth\build\/lib_duemilanove328_16.a(BTD.cpp.o) (__cxa_pure_virtual)
E:\bahan mata kuliah politeknik telkom\ganjil 2013-2014\Sistem Interoperabilitas\Project Arduino\AirCasting-Sensor-Bluetooth\build\/core_duemilanove328_16.a(Print.cpp.o)
                              E:\bahan mata kuliah politeknik telkom\ganjil 2013-2014\Sistem Interoperabilitas\Project Arduino\AirCasting-Sensor-Bluetooth\build\/lib_duemilanove328_16.a(SPP.cpp.o) (Print::write(unsigned char const*, unsigned int))
E:\bahan mata kuliah politeknik telkom\ganjil 2013-2014\Sistem Interoperabilitas\Project Arduino\AirCasting-Sensor-Bluetooth\build\/core_duemilanove328_16.a(wiring.c.o)
                              build\AirCasting-Sensor-Bluetooth.o (millis)
E:\bahan mata kuliah politeknik telkom\ganjil 2013-2014\Sistem Interoperabilitas\Project Arduino\AirCasting-Sensor-Bluetooth\build\/core_duemilanove328_16.a(wiring_analog.c.o)
                              build\AirCasting-Sensor-Bluetooth.o (analogRead)
E:\bahan mata kuliah politeknik telkom\ganjil 2013-2014\Sistem Interoperabilitas\Project Arduino\AirCasting-Sensor-Bluetooth\build\/core_duemilanove328_16.a(wiring_digital.c.o)
                              build\AirCasting-Sensor-Bluetooth.o (pinMode)
E:\bahan mata kuliah politeknik telkom\ganjil 2013-2014\Sistem Interoperabilitas\Project Arduino\AirCasting-Sensor-Bluetooth\build\/core_duemilanove328_16.a(WString.cpp.o)
                              E:\bahan mata kuliah politeknik telkom\ganjil 2013-2014\Sistem Interoperabilitas\Project Arduino\AirCasting-Sensor-Bluetooth\build\/core_duemilanove328_16.a(Print.cpp.o) (String::operator[](unsigned int) const)
e:/codeblocks-arduino baru/codeblocks/bin/../lib/gcc/avr/4.3.3/../../../../avr/lib/avr5\libm.a(addsf3.o)
                              build\AirCasting-Sensor-Bluetooth.o (__subsf3)
e:/codeblocks-arduino baru/codeblocks/bin/../lib/gcc/avr/4.3.3/../../../../avr/lib/avr5\libm.a(addsf3x.o)
                              e:/codeblocks-arduino baru/codeblocks/bin/../lib/gcc/avr/4.3.3/../../../../avr/lib/avr5\libm.a(addsf3.o) (__addsf3x)
e:/codeblocks-arduino baru/codeblocks/bin/../lib/gcc/avr/4.3.3/../../../../avr/lib/avr5\libm.a(cmpsf2.o)
                              E:\bahan mata kuliah politeknik telkom\ganjil 2013-2014\Sistem Interoperabilitas\Project Arduino\AirCasting-Sensor-Bluetooth\build\/core_duemilanove328_16.a(Print.cpp.o) (__ltsf2)
e:/codeblocks-arduino baru/codeblocks/bin/../lib/gcc/avr/4.3.3/../../../../avr/lib/avr5\libm.a(divsf3.o)
[...]
Memory Configuration

Name             Origin             Length             Attributes
text             0x00000000         0x00020000         xr
data             0x00800060         0x0000ffa0         rw !x
eeprom           0x00810000         0x00010000         rw !x
fuse             0x00820000         0x00000400         rw !x
lock             0x00830000         0x00000400         rw !x
signature        0x00840000         0x00000400         rw !x
*default*        0x00000000         0xffffffff

Linker script and memory map

Address of section .data set to 0x800100
LOAD e:/codeblocks-arduino baru/codeblocks/bin/../lib/gcc/avr/4.3.3/../../../../avr/lib/avr5/crtm328p.o
LOAD build\AirCasting-Sensor-Bluetooth.o
LOAD E:\bahan mata kuliah politeknik telkom\ganjil 2013-2014\Sistem Interoperabilitas\Project Arduino\AirCasting-Sensor-Bluetooth\build\/lib_duemilanove328_16.a
LOAD E:\bahan mata kuliah politeknik telkom\ganjil 2013-2014\Sistem Interoperabilitas\Project Arduino\AirCasting-Sensor-Bluetooth\build\/core_duemilanove328_16.a
LOAD e:/codeblocks-arduino baru/codeblocks/bin/../lib/gcc/avr/4.3.3/../../../../avr/lib/avr5\libm.a
LOAD e:/codeblocks-arduino baru/codeblocks/bin/../lib/gcc/avr/4.3.3/avr5\libgcc.a
LOAD e:/codeblocks-arduino baru/codeblocks/bin/../lib/gcc/avr/4.3.3/../../../../avr/lib/avr5\libc.a
LOAD e:/codeblocks-arduino baru/codeblocks/bin/../lib/gcc/avr/4.3.3/avr5\libgcc.a

.hash
 *(.hash)

.dynsym
 *(.dynsym)

.dynstr
 *(.dynstr)

.gnu.version
 *(.gnu.version)

.gnu.version_d
 *(.gnu.version_d)

.gnu.version_r
 *(.gnu.version_r)

.rel.init
 *(.rel.init)

.rela.init
 *(.rela.init)

.rel.text
 *(.rel.text)
 *(.rel.text.*)
 *(.rel.gnu.linkonce.t*)

.rela.text
 *(.rela.text)
 *(.rela.text.*)
 *(.rela.gnu.linkonce.t*)

.rel.fini
 *(.rel.fini)

.rela.fini
 *(.rela.fini)

.rel.rodata
 *(.rel.rodata)
 *(.rel.rodata.*)
 *(.rel.gnu.linkonce.r*)

.rela.rodata
 *(.rela.rodata)
 *(.rela.rodata.*)
 *(.rela.gnu.linkonce.r*)

.rel.data
 *(.rel.data)
 *(.rel.data.*)
 *(.rel.gnu.linkonce.d*)

.rela.data
 *(.rela.data)
 *(.rela.data.*)
 *(.rela.gnu.linkonce.d*)

.rel.ctors
 *(.rel.ctors)

.rela.ctors
 *(.rela.ctors)

.rel.dtors
 *(.rel.dtors)

.rela.dtors
 *(.rela.dtors)

.rel.got
 *(.rel.got)

.rela.got
 *(.rela.got)

.rel.bss
 *(.rel.bss)

.rela.bss
 *(.rela.bss)

.rel.plt
 *(.rel.plt)

.rela.plt
 *(.rela.plt)

.text           0x00000000     0x6e1a
 *(.vectors)
 .vectors       0x00000000       0x68 e:/codeblocks-arduino baru/codeblocks/bin/../lib/gcc/avr/4.3.3/../../../../avr/lib/avr5/crtm328p.o
                0x00000000                __vectors
                0x00000000                __vector_default
 *(.vectors)
 *(.progmem.gcc*)
 *(.progmem*)
 .progmem.data  0x00000068      0x100 E:\bahan mata kuliah politeknik telkom\ganjil 2013-2014\Sistem Interoperabilitas\Project Arduino\AirCasting-Sensor-Bluetooth\build\/lib_duemilanove328_16.a(SPP.cpp.o)
 .progmem.data  0x00000168      0x100 E:\bahan mata kuliah politeknik telkom\ganjil 2013-2014\Sistem Interoperabilitas\Project Arduino\AirCasting-Sensor-Bluetooth\build\/lib_duemilanove328_16.a(OneWire.cpp.o)
 .progmem.data  0x00000268       0x5a E:\bahan mata kuliah politeknik telkom\ganjil 2013-2014\Sistem Interoperabilitas\Project Arduino\AirCasting-Sensor-Bluetooth\build\/core_duemilanove328_16.a(wiring_digital.c.o)
                0x00000268                port_to_mode_PGM
                0x00000286                digital_pin_to_port_PGM
                0x0000029a                digital_pin_to_bit_mask_PGM
                0x00000272                port_to_output_PGM
                0x0000027c                port_to_input_PGM
                0x000002ae                digital_pin_to_timer_PGM
                0x000002c2                . = ALIGN (0x2)
                0x000002c2                __trampolines_start = .
 *(.trampolines)
 .trampolines   0x000002c2        0x0 linker stubs
 *(.trampolines*)
                0x000002c2                __trampolines_end = .
 *(.jumptables)
 *(.jumptables*)
 *(.lowtext)
 *(.lowtext*)
                0x000002c2                __ctors_start = .
 *(.ctors)
 .ctors         0x000002c2        0x2 build\AirCasting-Sensor-Bluetooth.o
                0x000002c4                __ctors_end = .
                0x000002c4                __dtors_start = .
 *(.dtors)
                0x000002c4                __dtors_end = .
 SORT(*)(.ctors)
 SORT(*)(.dtors)
 *(.init0)
 .init0         0x000002c4        0x0 e:/codeblocks-arduino baru/codeblocks/bin/../lib/gcc/avr/4.3.3/../../../../avr/lib/avr5/crtm328p.o
                0x000002c4                __init
 *(.init0)
 *(.init1)
 *(.init1)
 *(.init2)
 .init2         0x000002c4        0xc e:/codeblocks-arduino baru/codeblocks/bin/../lib/gcc/avr/4.3.3/../../../../avr/lib/avr5/crtm328p.o
 *(.init2)
 *(.init3)
 *(.init3)
 *(.init4)
 .init4         0x000002d0       0x16 e:/codeblocks-arduino baru/codeblocks/bin/../lib/gcc/avr/4.3.3/avr5\libgcc.a(_copy_data.o)
                0x000002d0                __do_copy_data
 .init4         0x000002e6       0x10 e:/codeblocks-arduino baru/codeblocks/bin/../lib/gcc/avr/4.3.3/avr5\libgcc.a(_clear_bss.o)
                0x000002e6                __do_clear_bss
 *(.init4)
 *(.init5)
 *(.init5)
 *(.init6)
 .init6         0x000002f6       0x16 e:/codeblocks-arduino baru/codeblocks/bin/../lib/gcc/avr/4.3.3/avr5\libgcc.a(_ctors.o)
                0x000002f6                __do_global_ctors
 *(.init6)
 *(.init7)
 *(.init7)
 *(.init8)
 *(.init8)
 *(.init9)
 .init9         0x0000030c        0x8 e:/codeblocks-arduino baru/codeblocks/bin/../lib/gcc/avr/4.3.3/../../../../avr/lib/avr5/crtm328p.o
 *(.init9)
 *(.text)
 .text          0x00000314        0x4 e:/codeblocks-arduino baru/codeblocks/bin/../lib/gcc/avr/4.3.3/../../../../avr/lib/avr5/crtm328p.o
                0x00000314                __vector_22
                0x00000314                __vector_1
                0x00000314                __vector_24
                0x00000314                __vector_12
                0x00000314                __bad_interrupt
                0x00000314                __vector_6
                0x00000314                __vector_3
                0x00000314                __vector_23
                0x00000314                __vector_25
                0x00000314                __vector_11
                0x00000314                __vector_13
                0x00000314                __vector_17
                0x00000314                __vector_19
                0x00000314                __vector_7
                0x00000314                __vector_5
                0x00000314                __vector_4
                0x00000314                __vector_9
                0x00000314                __vector_2
                0x00000314                __vector_21
                0x00000314                __vector_15
                0x00000314                __vector_8
                0x00000314                __vector_14
                0x00000314                __vector_10
                0x00000314                __vector_18
                0x00000314                __vector_20
 .text          0x00000318       0x1c e:/codeblocks-arduino baru/codeblocks/bin/../lib/gcc/avr/4.3.3/../../../../avr/lib/avr5\libc.a(strncmp.o)
                0x00000318                strncmp
                0x00000334                . = ALIGN (0x2)
 *(.text.*)
 .text._Z3mapfffff
                0x00000334       0x9a build\AirCasting-Sensor-Bluetooth.o
                0x00000334                map(float, float, float, float, float)
 .text._ZN8MAX3421eI4TPinI5PortbLh2EES0_IS1_Lh1EEE5regWrEhh
                0x000003ce       0x18 build\AirCasting-Sensor-Bluetooth.o
                0x000003ce                MAX3421e<TPin<Portb, (unsigned char)2>, TPin<Portb, (unsigned char)1> >::regWr(unsigned char, unsigned char)
 .text._ZN8MAX3421eI4TPinI5PortbLh2EES0_IS1_Lh1EEE5regRdEh
                0x000003e6       0x18 build\AirCasting-Sensor-Bluetooth.o
                0x000003e6                MAX3421e<TPin<Portb, (unsigned char)2>, TPin<Portb, (unsigned char)1> >::regRd(unsigned char)
 .text._ZN8MAX3421eI4TPinI5PortbLh2EES0_IS1_Lh1EEE4InitEv
                0x000003fe      0x128 build\AirCasting-Sensor-Bluetooth.o
                0x000003fe                MAX3421e<TPin<Portb, (unsigned char)2>, TPin<Portb, (unsigned char)1> >::Init()
 .text._GLOBAL__I_oneWire
                0x00000526       0x54 build\AirCasting-Sensor-Bluetooth.o
 .text.setup    0x0000057a       0x34 build\AirCasting-Sensor-Bluetooth.o
                0x0000057a                setup
 .text._Z17GetLightIntensityv
                0x000005ae       0x98 build\AirCasting-Sensor-Bluetooth.o
                0x000005ae                GetLightIntensity()
 .text._Z8GetPowerv
                0x00000646       0x9c build\AirCasting-Sensor-Bluetooth.o
                0x00000646                GetPower()
 .text._Z6GetNO2v
                0x000006e2       0x9c build\AirCasting-Sensor-Bluetooth.o
                0x000006e2                GetNO2()
 .text._Z7GetHumiv
                0x0000077e       0x98 build\AirCasting-Sensor-Bluetooth.o
                0x0000077e                GetHumi()
 .text._Z7GetTempv
                0x00000816       0x28 build\AirCasting-Sensor-Bluetooth.o
                0x00000816                GetTemp()
 .text._Z5GetCOv
                0x0000083e       0xec build\AirCasting-Sensor-Bluetooth.o
                0x0000083e                GetCO()
 .text.loop     0x0000092a      0x1ac build\AirCasting-Sensor-Bluetooth.o
                0x0000092a                loop
 .text._ZN15USBDeviceConfig12ResetHubPortEh
                0x00000ad6        0x2 E:\bahan mata kuliah politeknik telkom\ganjil 2013-2014\Sistem Interoperabilitas\Project Arduino\AirCasting-Sensor-Bluetooth\build\/lib_duemilanove328_16.a(BTD.cpp.o)
                0x00000ad6                USBDeviceConfig::ResetHubPort(unsigned char)
 .text._ZN11ByteSkipper4SkipEPPhPjj
                0x00000ad8       0x6c E:\bahan mata kuliah politeknik telkom\ganjil 2013-2014\Sistem Interoperabilitas\Project Arduino\AirCasting-Sensor-Bluetooth\build\/lib_duemilanove328_16.a(BTD.cpp.o)
                0x00000ad8                ByteSkipper::Skip(unsigned char**, unsigned int*, unsigned int)
 .text._ZN3BTD10GetAddressEv
                0x00000b44        0xa E:\bahan mata kuliah politeknik telkom\ganjil 2013-2014\Sistem Interoperabilitas\Project Arduino\AirCasting-Sensor-Bluetooth\build\/lib_duemilanove328_16.a(BTD.cpp.o)
                0x00000b44                BTD::GetAddress()
 .text._ZN3BTD7isReadyEv
                0x00000b4e        0xa E:\bahan mata kuliah politeknik telkom\ganjil 2013-2014\Sistem Interoperabilitas\Project Arduino\AirCasting-Sensor-Bluetooth\build\/lib_duemilanove328_16.a(BTD.cpp.o)
                0x00000b4e                BTD::isReady()
 .text._ZN3BTD10DEVCLASSOKEh
                0x00000b58        0xa E:\bahan mata kuliah politeknik telkom\ganjil 2013-2014\Sistem Interoperabilitas\Project Arduino\AirCasting-Sensor-Bluetooth\build\/lib_duemilanove328_16.a(BTD.cpp.o)
                0x00000b58                BTD::DEVCLASSOK(unsigned char)
 .text._ZN3BTD8VIDPIDOKEjj
                0x00000b62       0x5c E:\bahan mata kuliah politeknik telkom\ganjil 2013-2014\Sistem Interoperabilitas\Project Arduino\AirCasting-Sensor-Bluetooth\build\/lib_duemilanove328_16.a(BTD.cpp.o)
                0x00000b62                BTD::VIDPIDOK(unsigned int, unsigned int)
 .text._ZN3BTD17clearAllVariablesEv
                0x00000bbe       0xc2 E:\bahan mata kuliah politeknik telkom\ganjil 2013-2014\Sistem Interoperabilitas\Project Arduino\AirCasting-Sensor-Bluetooth\build\/lib_duemilanove328_16.a(BTD.cpp.o)
                0x00000bbe                BTD::clearAllVariables()
 .text._ZN3BTDC1EP3USB
                0x00000c80       0xae E:\bahan mata kuliah politeknik telkom\ganjil 2013-2014\Sistem Interoperabilitas\Project Arduino\AirCasting-Sensor-Bluetooth\build\/lib_duemilanove328_16.a(BTD.cpp.o)
                0x00000c80                BTD::BTD(USB*)
 .text._ZThn2_N3BTD14EndpointXtractEhhhhPK23USB_ENDPOINT_DESCRIPTOR
                0x00000d2e       0x14 E:\bahan mata kuliah politeknik telkom\ganjil 2013-2014\Sistem Interoperabilitas\Project Arduino\AirCasting-Sensor-Bluetooth\build\/lib_duemilanove328_16.a(BTD.cpp.o)
                0x00000d2e                non-virtual thunk to BTD::EndpointXtract(unsigned char, unsigned char, unsigned char, unsigned char, USB_ENDPOINT_DESCRIPTOR const*)
 .text._ZN3BTD14EndpointXtractEhhhhPK23USB_ENDPOINT_DESCRIPTOR
                0x00000d42       0x9c E:\bahan mata kuliah politeknik telkom\ganjil 2013-2014\Sistem Interoperabilitas\Project Arduino\AirCasting-Sensor-Bluetooth\build\/lib_duemilanove328_16.a(BTD.cpp.o)
                0x00000d42                BTD::EndpointXtract(unsigned char, unsigned char, unsigned char, unsigned char, USB_ENDPOINT_DESCRIPTOR const*)
 .text._ZN3BTD7ReleaseEv
                0x00000dde       0x34 E:\bahan mata kuliah politeknik telkom\ganjil 2013-2014\Sistem Interoperabilitas\Project Arduino\AirCasting-Sensor-Bluetooth\build\/lib_duemilanove328_16.a(BTD.cpp.o)
                0x00000dde                BTD::Release()
 .text._ZN3BTD13setMoveBdaddrEPh
                0x00000e12       0xe6 E:\bahan mata kuliah politeknik telkom\ganjil 2013-2014\Sistem Interoperabilitas\Project Arduino\AirCasting-Sensor-Bluetooth\build\/lib_duemilanove328_16.a(BTD.cpp.o)
                0x00000e12                BTD::setMoveBdaddr(unsigned char*)
 .text._ZN3BTD9setBdaddrEPh
                0x00000ef8       0xde E:\bahan mata kuliah politeknik telkom\ganjil 2013-2014\Sistem Interoperabilitas\Project Arduino\AirCasting-Sensor-Bluetooth\build\/lib_duemilanove328_16.a(BTD.cpp.o)
                0x00000ef8                BTD::setBdaddr(unsigned char*)
 .text._ZN3BTD11HCI_CommandEPhj
                0x00000fd6       0x9c E:\bahan mata kuliah politeknik telkom\ganjil 2013-2014\Sistem Interoperabilitas\Project Arduino\AirCasting-Sensor-Bluetooth\build\/lib_duemilanove328_16.a(BTD.cpp.o)
                0x00000fd6                BTD::HCI_Command(unsigned char*, unsigned int)
 .text._ZN3BTD25hci_write_class_of_deviceEv
                0x00001072       0x34 E:\bahan mata kuliah politeknik telkom\ganjil 2013-2014\Sistem Interoperabilitas\Project Arduino\AirCasting-Sensor-Bluetooth\build\/lib_duemilanove328_16.a(BTD.cpp.o)
                0x00001072                BTD::hci_write_class_of_device()
 .text._ZN3BTD14hci_disconnectEj
                0x000010a6       0x46 E:\bahan mata kuliah politeknik telkom\ganjil 2013-2014\Sistem Interoperabilitas\Project Arduino\AirCasting-Sensor-Bluetooth\build\/lib_duemilanove328_16.a(BTD.cpp.o)
                0x000010a6                BTD::hci_disconnect(unsigned int)
 .text._ZN3BTD26hci_authentication_requestEv
                0x000010ec       0x44 E:\bahan mata kuliah politeknik telkom\ganjil 2013-2014\Sistem Interoperabilitas\Project Arduino\AirCasting-Sensor-Bluetooth\build\/lib_duemilanove328_16.a(BTD.cpp.o)
                0x000010ec                BTD::hci_authentication_request()
 .text._ZN3BTD35hci_link_key_request_negative_replyEv
                0x00001130       0x72 E:\bahan mata kuliah politeknik telkom\ganjil 2013-2014\Sistem Interoperabilitas\Project Arduino\AirCasting-Sensor-Bluetooth\build\/lib_duemilanove328_16.a(BTD.cpp.o)
                0x00001130                BTD::hci_link_key_request_negative_reply()
 .text._ZN3BTD35hci_pin_code_negative_request_replyEv
                0x000011a2       0x72 E:\bahan mata kuliah politeknik telkom\ganjil 2013-2014\Sistem Interoperabilitas\Project Arduino\AirCasting-Sensor-Bluetooth\build\/lib_duemilanove328_16.a(BTD.cpp.o)
                0x000011a2                BTD::hci_pin_code_negative_request_reply()
 .text._ZN3BTD11hci_connectEPh
                0x00001214       0x74 E:\bahan mata kuliah politeknik telkom\ganjil 2013-2014\Sistem Interoperabilitas\Project Arduino\AirCasting-Sensor-Bluetooth\build\/lib_duemilanove328_16.a(BTD.cpp.o)
                0x00001214                BTD::hci_connect(unsigned char*)
 .text._ZN3BTD11hci_connectEv
                0x00001288        0xc E:\bahan mata kuliah politeknik telkom\ganjil 2013-2014\Sistem Interoperabilitas\Project Arduino\AirCasting-Sensor-Bluetooth\build\/lib_duemilanove328_16.a(BTD.cpp.o)
                0x00001288                BTD::hci_connect()
 .text._ZN3BTD18hci_inquiry_cancelEv
                0x00001294       0x28 E:\bahan mata kuliah politeknik telkom\ganjil 2013-2014\Sistem Interoperabilitas\Project Arduino\AirCasting-Sensor-Bluetooth\build\/lib_duemilanove328_16.a(BTD.cpp.o)
                0x00001294                BTD::hci_inquiry_cancel()
 .text._ZN3BTD11hci_inquiryEv
                0x000012bc       0x50 E:\bahan mata kuliah politeknik telkom\ganjil 2013-2014\Sistem Interoperabilitas\Project Arduino\AirCasting-Sensor-Bluetooth\build\/lib_duemilanove328_16.a(BTD.cpp.o)
                0x000012bc                BTD::hci_inquiry()
 .text._ZN3BTD15hci_remote_nameEv
                0x0000130c       0x90 E:\bahan mata kuliah politeknik telkom\ganjil 2013-2014\Sistem Interoperabilitas\Project Arduino\AirCasting-Sensor-Bluetooth\build\/lib_duemilanove328_16.a(BTD.cpp.o)
                0x0000130c                BTD::hci_remote_name()
 .text._ZN3BTD21hci_accept_connectionEv
                0x0000139c       0x88 E:\bahan mata kuliah politeknik telkom\ganjil 2013-2014\Sistem Interoperabilitas\Project Arduino\AirCasting-Sensor-Bluetooth\build\/lib_duemilanove328_16.a(BTD.cpp.o)
                0x0000139c                BTD::hci_accept_connection()
 .text._ZN3BTD34hci_read_local_version_informationEv
                0x00001424       0x28 E:\bahan mata kuliah politeknik telkom\ganjil 2013-2014\Sistem Interoperabilitas\Project Arduino\AirCasting-Sensor-Bluetooth\build\/lib_duemilanove328_16.a(BTD.cpp.o)
                0x00001424                BTD::hci_read_local_version_information()
 .text._ZN3BTD15hci_read_bdaddrEv
                0x0000144c       0x28 E:\bahan mata kuliah politeknik telkom\ganjil 2013-2014\Sistem Interoperabilitas\Project Arduino\AirCasting-Sensor-Bluetooth\build\/lib_duemilanove328_16.a(BTD.cpp.o)
                0x0000144c                BTD::hci_read_bdaddr()
 .text._ZN3BTD21hci_write_scan_enableEv
                0x00001474       0x52 E:\bahan mata kuliah politeknik telkom\ganjil 2013-2014\Sistem Interoperabilitas\Project Arduino\AirCasting-Sensor-Bluetooth\build\/lib_duemilanove328_16.a(BTD.cpp.o)
                0x00001474                BTD::hci_write_scan_enable()
 .text._ZN3BTD9hci_resetEv
                0x000014c6       0x34 E:\bahan mata kuliah politeknik telkom\ganjil 2013-2014\Sistem Interoperabilitas\Project Arduino\AirCasting-Sensor-Bluetooth\build\/lib_duemilanove328_16.a(BTD.cpp.o)
                0x000014c6                BTD::hci_reset()
 .text._ZN3BTD13L2CAP_CommandEjPhhhh
                0x000014fa      0x104 E:\bahan mata kuliah politeknik telkom\ganjil 2013-2014\Sistem Interoperabilitas\Project Arduino\AirCasting-Sensor-Bluetooth\build\/lib_duemilanove328_16.a(BTD.cpp.o)
                0x000014fa                BTD::L2CAP_Command(unsigned int, unsigned char*, unsigned char, unsigned char, unsigned char)
 .text._ZN3BTD26l2cap_information_responseEjhhh
                0x000015fe       0x44 E:\bahan mata kuliah politeknik telkom\ganjil 2013-2014\Sistem Interoperabilitas\Project Arduino\AirCasting-Sensor-Bluetooth\build\/lib_duemilanove328_16.a(BTD.cpp.o)
                0x000015fe                BTD::l2cap_information_response(unsigned int, unsigned char, unsigned char, unsigned char)
 .text._ZN3BTD28l2cap_disconnection_responseEjhPhS0_
                0x00001642       0x5c E:\bahan mata kuliah politeknik telkom\ganjil 2013-2014\Sistem Interoperabilitas\Project Arduino\AirCasting-Sensor-Bluetooth\build\/lib_duemilanove328_16.a(BTD.cpp.o)
                0x00001642                BTD::l2cap_disconnection_response(unsigned int, unsigned char, unsigned char*, unsigned char*)
 .text._ZN3BTD27l2cap_disconnection_requestEjhPhS0_
                0x0000169e       0x5c E:\bahan mata kuliah politeknik telkom\ganjil 2013-2014\Sistem Interoperabilitas\Project Arduino\AirCasting-Sensor-Bluetooth\build\/lib_duemilanove328_16.a(BTD.cpp.o)
                0x0000169e                BTD::l2cap_disconnection_request(unsigned int, unsigned char, unsigned char*, unsigned char*)
 .text._ZN3BTD21l2cap_config_responseEjhPh
                0x000016fa       0x60 E:\bahan mata kuliah politeknik telkom\ganjil 2013-2014\Sistem Interoperabilitas\Project Arduino\AirCasting-Sensor-Bluetooth\build\/lib_duemilanove328_16.a(BTD.cpp.o)
                0x000016fa                BTD::l2cap_config_response(unsigned int, unsigned char, unsigned char*)
 .text._ZN3BTD20l2cap_config_requestEjhPh
                0x0000175a       0x5c E:\bahan mata kuliah politeknik telkom\ganjil 2013-2014\Sistem Interoperabilitas\Project Arduino\AirCasting-Sensor-Bluetooth\build\/lib_duemilanove328_16.a(BTD.cpp.o)
                0x0000175a                BTD::l2cap_config_request(unsigned int, unsigned char, unsigned char*)
 .text._ZN3BTD25l2cap_connection_responseEjhPhS0_h
                0x000017b6       0x64 E:\bahan mata kuliah politeknik telkom\ganjil 2013-2014\Sistem Interoperabilitas\Project Arduino\AirCasting-Sensor-Bluetooth\build\/lib_duemilanove328_16.a(BTD.cpp.o)
                0x000017b6                BTD::l2cap_connection_response(unsigned int, unsigned char, unsigned char*, unsigned char*, unsigned char)
 .text._ZN3BTD26hci_pin_code_request_replyEv
                0x0000181a      0x132 E:\bahan mata kuliah politeknik telkom\ganjil 2013-2014\Sistem Interoperabilitas\Project Arduino\AirCasting-Sensor-Bluetooth\build\/lib_duemilanove328_16.a(BTD.cpp.o)
                0x0000181a                BTD::hci_pin_code_request_reply()
 .text._ZN3BTD18hci_set_local_nameEPKc
                0x0000194c       0x7c E:\bahan mata kuliah politeknik telkom\ganjil 2013-2014\Sistem Interoperabilitas\Project Arduino\AirCasting-Sensor-Bluetooth\build\/lib_duemilanove328_16.a(BTD.cpp.o)
                0x0000194c                BTD::hci_set_local_name(char const*)
 .text._ZN3BTD14ACL_event_taskEv
                0x000019c8       0xd2 E:\bahan mata kuliah politeknik telkom\ganjil 2013-2014\Sistem Interoperabilitas\Project Arduino\AirCasting-Sensor-Bluetooth\build\/lib_duemilanove328_16.a(BTD.cpp.o)
                0x000019c8                BTD::ACL_event_task()
 .text._ZN3BTD8HCI_taskEv
                0x00001a9a      0x36a E:\bahan mata kuliah politeknik telkom\ganjil 2013-2014\Sistem Interoperabilitas\Project Arduino\AirCasting-Sensor-Bluetooth\build\/lib_duemilanove328_16.a(BTD.cpp.o)
                0x00001a9a                BTD::HCI_task()
 .text._ZN3BTD14HCI_event_taskEv
                0x00001e04      0x4fe E:\bahan mata kuliah politeknik telkom\ganjil 2013-2014\Sistem Interoperabilitas\Project Arduino\AirCasting-Sensor-Bluetooth\build\/lib_duemilanove328_16.a(BTD.cpp.o)
                0x00001e04                BTD::HCI_event_task()
 .text._ZN3BTD4PollEv
                0x00002302       0x82 E:\bahan mata kuliah politeknik telkom\ganjil 2013-2014\Sistem Interoperabilitas\Project Arduino\AirCasting-Sensor-Bluetooth\build\/lib_duemilanove328_16.a(BTD.cpp.o)
                0x00002302                BTD::Poll()
 .text._ZN3BTD4InitEhhb
                0x00002384      0x468 E:\bahan mata kuliah politeknik telkom\ganjil 2013-2014\Sistem Interoperabilitas\Project Arduino\AirCasting-Sensor-Bluetooth\build\/lib_duemilanove328_16.a(BTD.cpp.o)
                0x00002384                BTD::Init(unsigned char, unsigned char, bool)
 .text._ZN16ConfigDescParserILh255ELh1ELh1ELh7EE15ParseDescriptorEPPhPj
                0x000027ec      0x180 E:\bahan mata kuliah politeknik telkom\ganjil 2013-2014\Sistem Interoperabilitas\Project Arduino\AirCasting-Sensor-Bluetooth\build\/lib_duemilanove328_16.a(BTD.cpp.o)
                0x000027ec                ConfigDescParser<(unsigned char)255, (unsigned char)1, (unsigned char)1, (unsigned char)7>::ParseDescriptor(unsigned char**, unsigned int*)
 .text._ZN16ConfigDescParserILh255ELh1ELh1ELh7EE5ParseEjPKhRKj
                0x0000296c       0x66 E:\bahan mata kuliah politeknik telkom\ganjil 2013-2014\Sistem Interoperabilitas\Project Arduino\AirCasting-Sensor-Bluetooth\build\/lib_duemilanove328_16.a(BTD.cpp.o)
                0x0000296c                ConfigDescParser<(unsigned char)255, (unsigned char)1, (unsigned char)1, (unsigned char)7>::Parse(unsigned int, unsigned char const*, unsigned int const&)
 .text._ZN16ConfigDescParserILh224ELh1ELh1ELh7EE15ParseDescriptorEPPhPj
                0x000029d2      0x180 E:\bahan mata kuliah politeknik telkom\ganjil 2013-2014\Sistem Interoperabilitas\Project Arduino\AirCasting-Sensor-Bluetooth\build\/lib_duemilanove328_16.a(BTD.cpp.o)
                0x000029d2                ConfigDescParser<(unsigned char)224, (unsigned char)1, (unsigned char)1, (unsigned char)7>::ParseDescriptor(unsigned char**, unsigned int*)
 .text._ZN16ConfigDescParserILh224ELh1ELh1ELh7EE5ParseEjPKhRKj
                0x00002b52       0x66 E:\bahan mata kuliah politeknik telkom\ganjil 2013-2014\Sistem Interoperabilitas\Project Arduino\AirCasting-Sensor-Bluetooth\build\/lib_duemilanove328_16.a(BTD.cpp.o)
                0x00002b52                ConfigDescParser<(unsigned char)224, (unsigned char)1, (unsigned char)1, (unsigned char)7>::Parse(unsigned int, unsigned char const*, unsigned int const&)
 .text._ZN3BTD15ConfigureDeviceEhhb
                0x00002bb8      0x18a E:\bahan mata kuliah politeknik telkom\ganjil 2013-2014\Sistem Interoperabilitas\Project Arduino\AirCasting-Sensor-Bluetooth\build\/lib_duemilanove328_16.a(BTD.cpp.o)
                0x00002bb8                BTD::ConfigureDevice(unsigned char, unsigned char, bool)
 .text._ZN20MultiByteValueParser5ParseEPPhPj
                0x00002d42       0x70 E:\bahan mata kuliah politeknik telkom\ganjil 2013-2014\Sistem Interoperabilitas\Project Arduino\AirCasting-Sensor-Bluetooth\build\/lib_duemilanove328_16.a(parsetools.cpp.o)
                0x00002d42                MultiByteValueParser::Parse(unsigned char**, unsigned int*)
 .text._ZN3SPP5ResetEv
                0x00002db2       0x22 E:\bahan mata kuliah politeknik telkom\ganjil 2013-2014\Sistem Interoperabilitas\Project Arduino\AirCasting-Sensor-Bluetooth\build\/lib_duemilanove328_16.a(SPP.cpp.o)
                0x00002db2                SPP::Reset()
 .text._ZN3SPPC1EP3BTDPKcS3_
                0x00002dd4       0x8e E:\bahan mata kuliah politeknik telkom\ganjil 2013-2014\Sistem Interoperabilitas\Project Arduino\AirCasting-Sensor-Bluetooth\build\/lib_duemilanove328_16.a(SPP.cpp.o)
                0x00002dd4                SPP::SPP(BTD*, char const*, char const*)
 .text._ZN3SPP7calcFcsEPh
                0x00002e62       0x60 E:\bahan mata kuliah politeknik telkom\ganjil 2013-2014\Sistem Interoperabilitas\Project Arduino\AirCasting-Sensor-Bluetooth\build\/lib_duemilanove328_16.a(SPP.cpp.o)
                0x00002e62                SPP::calcFcs(unsigned char*)
 .text._ZN3SPP8checkFcsEPhh
                0x00002ec2       0x58 E:\bahan mata kuliah politeknik telkom\ganjil 2013-2014\Sistem Interoperabilitas\Project Arduino\AirCasting-Sensor-Bluetooth\build\/lib_duemilanove328_16.a(SPP.cpp.o)
                0x00002ec2                SPP::checkFcs(unsigned char*, unsigned char)
 .text._ZThn2_N3SPP5writeEh
                0x00002f1a        0x8 E:\bahan mata kuliah politeknik telkom\ganjil 2013-2014\Sistem Interoperabilitas\Project Arduino\AirCasting-Sensor-Bluetooth\build\/lib_duemilanove328_16.a(SPP.cpp.o)
                0x00002f1a                non-virtual thunk to SPP::write(unsigned char)
 .text._ZN3SPP5writeEh
                0x00002f22       0x30 E:\bahan mata kuliah politeknik telkom\ganjil 2013-2014\Sistem Interoperabilitas\Project Arduino\AirCasting-Sensor-Bluetooth\build\/lib_duemilanove328_16.a(SPP.cpp.o)
                0x00002f22                SPP::write(unsigned char)
 .text._ZThn2_N3SPP9availableEv
                0x00002f52        0x8 E:\bahan mata kuliah politeknik telkom\ganjil 2013-2014\Sistem Interoperabilitas\Project Arduino\AirCasting-Sensor-Bluetooth\build\/lib_duemilanove328_16.a(SPP.cpp.o)
                0x00002f52                non-virtual thunk to SPP::available()
 .text._ZN3SPP9availableEv
                0x00002f5a        0xc E:\bahan mata kuliah politeknik telkom\ganjil 2013-2014\Sistem Interoperabilitas\Project Arduino\AirCasting-Sensor-Bluetooth\build\/lib_duemilanove328_16.a(SPP.cpp.o)
                0x00002f5a                SPP::available()
 .text._ZThn2_N3SPP4peekEv
                0x00002f66        0x8 E:\bahan mata kuliah politeknik telkom\ganjil 2013-2014\Sistem Interoperabilitas\Project Arduino\AirCasting-Sensor-Bluetooth\build\/lib_duemilanove328_16.a(SPP.cpp.o)
                0x00002f66                non-virtual thunk to SPP::peek()
 .text._ZN3SPP4peekEv
                0x00002f6e       0x24 E:\bahan mata kuliah politeknik telkom\ganjil 2013-2014\Sistem Interoperabilitas\Project Arduino\AirCasting-Sensor-Bluetooth\build\/lib_duemilanove328_16.a(SPP.cpp.o)
                0x00002f6e                SPP::peek()
 .text._ZN3SPP14RFCOMM_CommandEPhh
                0x00002f92       0x36 E:\bahan mata kuliah politeknik telkom\ganjil 2013-2014\Sistem Interoperabilitas\Project Arduino\AirCasting-Sensor-Bluetooth\build\/lib_duemilanove328_16.a(SPP.cpp.o)
                0x00002f92                SPP::RFCOMM_Command(unsigned char*, unsigned char)
 .text._ZN3SPP4sendEv
                0x00002fc8       0xbe E:\bahan mata kuliah politeknik telkom\ganjil 2013-2014\Sistem Interoperabilitas\Project Arduino\AirCasting-Sensor-Bluetooth\build\/lib_duemilanove328_16.a(SPP.cpp.o)
                0x00002fc8                SPP::send()
 .text._ZThn2_N3SPP5flushEv
                0x00003086        0x8 E:\bahan mata kuliah politeknik telkom\ganjil 2013-2014\Sistem Interoperabilitas\Project Arduino\AirCasting-Sensor-Bluetooth\build\/lib_duemilanove328_16.a(SPP.cpp.o)
                0x00003086                non-virtual thunk to SPP::flush()
 .text._ZN3SPP5flushEv
                0x0000308e        0x6 E:\bahan mata kuliah politeknik telkom\ganjil 2013-2014\Sistem Interoperabilitas\Project Arduino\AirCasting-Sensor-Bluetooth\build\/lib_duemilanove328_16.a(SPP.cpp.o)
                0x0000308e                SPP::flush()
 .text._ZThn2_N3SPP5writeEPKhj
                0x00003094        0x8 E:\bahan mata kuliah politeknik telkom\ganjil 2013-2014\Sistem Interoperabilitas\Project Arduino\AirCasting-Sensor-Bluetooth\build\/lib_duemilanove328_16.a(SPP.cpp.o)
                0x00003094                non-virtual thunk to SPP::write(unsigned char const*, unsigned int)
 .text._ZN3SPP5writeEPKhj
                0x0000309c       0x76 E:\bahan mata kuliah politeknik telkom\ganjil 2013-2014\Sistem Interoperabilitas\Project Arduino\AirCasting-Sensor-Bluetooth\build\/lib_duemilanove328_16.a(SPP.cpp.o)
                0x0000309c                SPP::write(unsigned char const*, unsigned int)
 .text._ZN3SPP16sendRfcommCreditEhhhhhh
                0x00003112       0x4c E:\bahan mata kuliah politeknik telkom\ganjil 2013-2014\Sistem Interoperabilitas\Project Arduino\AirCasting-Sensor-Bluetooth\build\/lib_duemilanove328_16.a(SPP.cpp.o)
                0x00003112                SPP::sendRfcommCredit(unsigned char, unsigned char, unsigned char, unsigned char, unsigned char, unsigned char)
 .text._ZThn2_N3SPP4readEv
                0x0000315e        0x8 E:\bahan mata kuliah politeknik telkom\ganjil 2013-2014\Sistem Interoperabilitas\Project Arduino\AirCasting-Sensor-Bluetooth\build\/lib_duemilanove328_16.a(SPP.cpp.o)
                0x0000315e                non-virtual thunk to SPP::read()
 .text._ZN3SPP4readEv
                0x00003166       0x92 E:\bahan mata kuliah politeknik telkom\ganjil 2013-2014\Sistem Interoperabilitas\Project Arduino\AirCasting-Sensor-Bluetooth\build\/lib_duemilanove328_16.a(SPP.cpp.o)
                0x00003166                SPP::read()
 .text._ZN3SPP10sendRfcommEhhhhhPhh
                0x000031f8       0x7e E:\bahan mata kuliah politeknik telkom\ganjil 2013-2014\Sistem Interoperabilitas\Project Arduino\AirCasting-Sensor-Bluetooth\build\/lib_duemilanove328_16.a(SPP.cpp.o)
                0x000031f8                SPP::sendRfcomm(unsigned char, unsigned char, unsigned char, unsigned char, unsigned char, unsigned char*, unsigned char)
 .text._ZN3SPP11SDP_CommandEPhh
                0x00003276       0x36 E:\bahan mata kuliah politeknik telkom\ganjil 2013-2014\Sistem Interoperabilitas\Project Arduino\AirCasting-Sensor-Bluetooth\build\/lib_duemilanove328_16.a(SPP.cpp.o)
                0x00003276                SPP::SDP_Command(unsigned char*, unsigned char)
 .text._ZN3SPP19serialPortResponse2Ehh
                0x000032ac       0x74 E:\bahan mata kuliah politeknik telkom\ganjil 2013-2014\Sistem Interoperabilitas\Project Arduino\AirCasting-Sensor-Bluetooth\build\/lib_duemilanove328_16.a(SPP.cpp.o)
                0x000032ac                SPP::serialPortResponse2(unsigned char, unsigned char)
 .text._ZN3SPP19serialPortResponse1Ehh
                0x00003320       0x9e E:\bahan mata kuliah politeknik telkom\ganjil 2013-2014\Sistem Interoperabilitas\Project Arduino\AirCasting-Sensor-Bluetooth\build\/lib_duemilanove328_16.a(SPP.cpp.o)
                0x00003320                SPP::serialPortResponse1(unsigned char, unsigned char)
 .text._ZN3SPP19serviceNotSupportedEhh
                0x000033be       0x2c E:\bahan mata kuliah politeknik telkom\ganjil 2013-2014\Sistem Interoperabilitas\Project Arduino\AirCasting-Sensor-Bluetooth\build\/lib_duemilanove328_16.a(SPP.cpp.o)
                0x000033be                SPP::serviceNotSupported(unsigned char, unsigned char)
 .text._ZN3SPP11RFCOMM_taskEv
                0x000033ea      0x162 E:\bahan mata kuliah politeknik telkom\ganjil 2013-2014\Sistem Interoperabilitas\Project Arduino\AirCasting-Sensor-Bluetooth\build\/lib_duemilanove328_16.a(SPP.cpp.o)
                0x000033ea                SPP::RFCOMM_task()
 .text._ZN3SPP8SDP_taskEv
                0x0000354c      0x194 E:\bahan mata kuliah politeknik telkom\ganjil 2013-2014\Sistem Interoperabilitas\Project Arduino\AirCasting-Sensor-Bluetooth\build\/lib_duemilanove328_16.a(SPP.cpp.o)
                0x0000354c                SPP::SDP_task()
 .text._ZN3SPP3RunEv
                0x000036e0       0x6a E:\bahan mata kuliah politeknik telkom\ganjil 2013-2014\Sistem Interoperabilitas\Project Arduino\AirCasting-Sensor-Bluetooth\build\/lib_duemilanove328_16.a(SPP.cpp.o)
                0x000036e0                SPP::Run()
 .text._ZN3SPP7ACLDataEPh
                0x0000374a      0xabc E:\bahan mata kuliah politeknik telkom\ganjil 2013-2014\Sistem Interoperabilitas\Project Arduino\AirCasting-Sensor-Bluetooth\build\/lib_duemilanove328_16.a(SPP.cpp.o)
                0x0000374a                SPP::ACLData(unsigned char*)
 .text._ZN3SPP10disconnectEv
                0x00004206       0x72 E:\bahan mata kuliah politeknik telkom\ganjil 2013-2014\Sistem Interoperabilitas\Project Arduino\AirCasting-Sensor-Bluetooth\build\/lib_duemilanove328_16.a(SPP.cpp.o)
                0x00004206                SPP::disconnect()
 .text._ZN15AddressPoolImplILh16EEC1Ev
                0x00004278       0x54 E:\bahan mata kuliah politeknik telkom\ganjil 2013-2014\Sistem Interoperabilitas\Project Arduino\AirCasting-Sensor-Bluetooth\build\/lib_duemilanove328_16.a(Usb.cpp.o)
                0x00004278                AddressPoolImpl<(unsigned char)16>::AddressPoolImpl()
 .text._ZN3USBC1Ev
                0x000042cc       0x1e E:\bahan mata kuliah politeknik telkom\ganjil 2013-2014\Sistem Interoperabilitas\Project Arduino\AirCasting-Sensor-Bluetooth\build\/lib_duemilanove328_16.a(Usb.cpp.o)
                0x000042cc                USB::USB()
 .text._ZN15AddressPoolImplILh16EE15GetUsbDevicePtrEh
                0x000042ea       0x3a E:\bahan mata kuliah politeknik telkom\ganjil 2013-2014\Sistem Interoperabilitas\Project Arduino\AirCasting-Sensor-Bluetooth\build\/lib_duemilanove328_16.a(Usb.cpp.o)
                0x000042ea                AddressPoolImpl<(unsigned char)16>::GetUsbDevicePtr(unsigned char)
 .text._ZN3USB14setEpInfoEntryEhhP6EpInfo
                0x00004324       0x3a E:\bahan mata kuliah politeknik telkom\ganjil 2013-2014\Sistem Interoperabilitas\Project Arduino\AirCasting-Sensor-Bluetooth\build\/lib_duemilanove328_16.a(Usb.cpp.o)
                0x00004324                USB::setEpInfoEntry(unsigned char, unsigned char, EpInfo*)
 .text._ZN3USB14getEpInfoEntryEhh
                0x0000435e       0x38 E:\bahan mata kuliah politeknik telkom\ganjil 2013-2014\Sistem Interoperabilitas\Project Arduino\AirCasting-Sensor-Bluetooth\build\/lib_duemilanove328_16.a(Usb.cpp.o)
                0x0000435e                USB::getEpInfoEntry(unsigned char, unsigned char)
 .text._ZN3USB10SetAddressEhhPP6EpInfoRj
                0x00004396       0xda E:\bahan mata kuliah politeknik telkom\ganjil 2013-2014\Sistem Interoperabilitas\Project Arduino\AirCasting-Sensor-Bluetooth\build\/lib_duemilanove328_16.a(Usb.cpp.o)
                0x00004396                USB::SetAddress(unsigned char, unsigned char, EpInfo**, unsigned int&)
 .text._ZN15AddressPoolImplILh16EE12AllocAddressEhbh
                0x00004470       0xf2 E:\bahan mata kuliah politeknik telkom\ganjil 2013-2014\Sistem Interoperabilitas\Project Arduino\AirCasting-Sensor-Bluetooth\build\/lib_duemilanove328_16.a(Usb.cpp.o)
                0x00004470                AddressPoolImpl<(unsigned char)16>::AllocAddress(unsigned char, bool, unsigned char)
 .text._ZN8MAX3421eI4TPinI5PortbLh2EES0_IS1_Lh1EEE10IntHandlerEv
                0x00004562       0x9a E:\bahan mata kuliah politeknik telkom\ganjil 2013-2014\Sistem Interoperabilitas\Project Arduino\AirCasting-Sensor-Bluetooth\build\/lib_duemilanove328_16.a(Usb.cpp.o)
                0x00004562                MAX3421e<TPin<Portb, (unsigned char)2>, TPin<Portb, (unsigned char)1> >::IntHandler()
 .text._ZN15AddressPoolImplILh16EE18FreeAddressByIndexEh
                0x000045fc       0xc6 E:\bahan mata kuliah politeknik telkom\ganjil 2013-2014\Sistem Interoperabilitas\Project Arduino\AirCasting-Sensor-Bluetooth\build\/lib_duemilanove328_16.a(Usb.cpp.o)
                0x000045fc                AddressPoolImpl<(unsigned char)16>::FreeAddressByIndex(unsigned char)
 .text._ZN15AddressPoolImplILh16EE11FreeAddressEh
                0x000046c2       0x48 E:\bahan mata kuliah politeknik telkom\ganjil 2013-2014\Sistem Interoperabilitas\Project Arduino\AirCasting-Sensor-Bluetooth\build\/lib_duemilanove328_16.a(Usb.cpp.o)
                0x000046c2                AddressPoolImpl<(unsigned char)16>::FreeAddress(unsigned char)
 .text._ZN3USB13AttemptConfigEhhhb
                0x0000470a      0x144 E:\bahan mata kuliah politeknik telkom\ganjil 2013-2014\Sistem Interoperabilitas\Project Arduino\AirCasting-Sensor-Bluetooth\build\/lib_duemilanove328_16.a(Usb.cpp.o)
                0x0000470a                USB::AttemptConfig(unsigned char, unsigned char, unsigned char, bool)
 .text._ZN3USB11dispatchPktEhhj
                0x0000484e       0xd6 E:\bahan mata kuliah politeknik telkom\ganjil 2013-2014\Sistem Interoperabilitas\Project Arduino\AirCasting-Sensor-Bluetooth\build\/lib_duemilanove328_16.a(Usb.cpp.o)
                0x0000484e                USB::dispatchPkt(unsigned char, unsigned char, unsigned int)
 .text._ZN3USB10InTransferEP6EpInfojPjPh
                0x00004924      0x194 E:\bahan mata kuliah politeknik telkom\ganjil 2013-2014\Sistem Interoperabilitas\Project Arduino\AirCasting-Sensor-Bluetooth\build\/lib_duemilanove328_16.a(Usb.cpp.o)
                0x00004924                USB::InTransfer(EpInfo*, unsigned int, unsigned int*, unsigned char*)
 .text._ZN3USB10inTransferEhhPjPh
                0x00004ab8       0x6e E:\bahan mata kuliah politeknik telkom\ganjil 2013-2014\Sistem Interoperabilitas\Project Arduino\AirCasting-Sensor-Bluetooth\build\/lib_duemilanove328_16.a(Usb.cpp.o)
                0x00004ab8                USB::inTransfer(unsigned char, unsigned char, unsigned int*, unsigned char*)
 .text._ZN3USB11OutTransferEP6EpInfojjPh
                0x00004b26      0x276 E:\bahan mata kuliah politeknik telkom\ganjil 2013-2014\Sistem Interoperabilitas\Project Arduino\AirCasting-Sensor-Bluetooth\build\/lib_duemilanove328_16.a(Usb.cpp.o)
                0x00004b26                USB::OutTransfer(EpInfo*, unsigned int, unsigned int, unsigned char*)
 .text._ZN3USB11outTransferEhhjPh
                0x00004d9c       0x6e E:\bahan mata kuliah politeknik telkom\ganjil 2013-2014\Sistem Interoperabilitas\Project Arduino\AirCasting-Sensor-Bluetooth\build\/lib_duemilanove328_16.a(Usb.cpp.o)
                0x00004d9c                USB::outTransfer(unsigned char, unsigned char, unsigned int, unsigned char*)
 .text._ZN3USB7ctrlReqEhhhhhhjjjPhP13USBReadParser
                0x00004e0a      0x1f6 E:\bahan mata kuliah politeknik telkom\ganjil 2013-2014\Sistem Interoperabilitas\Project Arduino\AirCasting-Sensor-Bluetooth\build\/lib_duemilanove328_16.a(Usb.cpp.o)
                0x00004e0a                USB::ctrlReq(unsigned char, unsigned char, unsigned char, unsigned char, unsigned char, unsigned char, unsigned int, unsigned int, unsigned int, unsigned char*, USBReadParser*)
 .text._ZN3USB7setConfEhhh
                0x00005000       0x64 E:\bahan mata kuliah politeknik telkom\ganjil 2013-2014\Sistem Interoperabilitas\Project Arduino\AirCasting-Sensor-Bluetooth\build\/lib_duemilanove328_16.a(Usb.cpp.o)
                0x00005000                USB::setConf(unsigned char, unsigned char, unsigned char)
 .text._ZN3USB7setAddrEhhh
                0x00005064       0x64 E:\bahan mata kuliah politeknik telkom\ganjil 2013-2014\Sistem Interoperabilitas\Project Arduino\AirCasting-Sensor-Bluetooth\build\/lib_duemilanove328_16.a(Usb.cpp.o)
                0x00005064                USB::setAddr(unsigned char, unsigned char, unsigned char)
 .text._ZN3USB17DefaultAddressingEhhb
                0x000050c8       0x88 E:\bahan mata kuliah politeknik telkom\ganjil 2013-2014\Sistem Interoperabilitas\Project Arduino\AirCasting-Sensor-Bluetooth\build\/lib_duemilanove328_16.a(Usb.cpp.o)
                0x000050c8                USB::DefaultAddressing(unsigned char, unsigned char, bool)
 .text._ZN3USB12getConfDescrEhhjhPh
                0x00005150       0x6a E:\bahan mata kuliah politeknik telkom\ganjil 2013-2014\Sistem Interoperabilitas\Project Arduino\AirCasting-Sensor-Bluetooth\build\/lib_duemilanove328_16.a(Usb.cpp.o)
                0x00005150                USB::getConfDescr(unsigned char, unsigned char, unsigned int, unsigned char, unsigned char*)
 .text._ZN3USB12getConfDescrEhhhP13USBReadParser
                0x000051ba       0xda E:\bahan mata kuliah politeknik telkom\ganjil 2013-2014\Sistem Interoperabilitas\Project Arduino\AirCasting-Sensor-Bluetooth\build\/lib_duemilanove328_16.a(Usb.cpp.o)
                0x000051ba                USB::getConfDescr(unsigned char, unsigned char, unsigned char, USBReadParser*)
 .text._ZN3USB11getDevDescrEhhjPh
                0x00005294       0x68 E:\bahan mata kuliah politeknik telkom\ganjil 2013-2014\Sistem Interoperabilitas\Project Arduino\AirCasting-Sensor-Bluetooth\build\/lib_duemilanove328_16.a(Usb.cpp.o)
                0x00005294                USB::getDevDescr(unsigned char, unsigned char, unsigned int, unsigned char*)
 .text._ZN3USB11ConfiguringEhhb
                0x000052fc      0x1f4 E:\bahan mata kuliah politeknik telkom\ganjil 2013-2014\Sistem Interoperabilitas\Project Arduino\AirCasting-Sensor-Bluetooth\build\/lib_duemilanove328_16.a(Usb.cpp.o)
                0x000052fc                USB::Configuring(unsigned char, unsigned char, bool)
 .text._ZN3USB4TaskEv
                0x000054f0      0x212 E:\bahan mata kuliah politeknik telkom\ganjil 2013-2014\Sistem Interoperabilitas\Project Arduino\AirCasting-Sensor-Bluetooth\build\/lib_duemilanove328_16.a(Usb.cpp.o)
                0x000054f0                USB::Task()
 .text._ZN7OneWire12reset_searchEv
                0x00005702       0x1a E:\bahan mata kuliah politeknik telkom\ganjil 2013-2014\Sistem Interoperabilitas\Project Arduino\AirCasting-Sensor-Bluetooth\build\/lib_duemilanove328_16.a(OneWire.cpp.o)
                0x00005702                OneWire::reset_search()
 .text._ZN7OneWire4crc8EPKhh
                0x0000571c       0x22 E:\bahan mata kuliah politeknik telkom\ganjil 2013-2014\Sistem Interoperabilitas\Project Arduino\AirCasting-Sensor-Bluetooth\build\/lib_duemilanove328_16.a(OneWire.cpp.o)
                0x0000571c                OneWire::crc8(unsigned char const*, unsigned char)
 .text._ZN7OneWire8read_bitEv
                0x0000573e       0x68 E:\bahan mata kuliah politeknik telkom\ganjil 2013-2014\Sistem Interoperabilitas\Project Arduino\AirCasting-Sensor-Bluetooth\build\/lib_duemilanove328_16.a(OneWire.cpp.o)
                0x0000573e                OneWire::read_bit()
 .text._ZN7OneWire4readEv
                0x000057a6       0x3a E:\bahan mata kuliah politeknik telkom\ganjil 2013-2014\Sistem Interoperabilitas\Project Arduino\AirCasting-Sensor-Bluetooth\build\/lib_duemilanove328_16.a(OneWire.cpp.o)
                0x000057a6                OneWire::read()
 .text._ZN7OneWire9write_bitEh
                0x000057e0       0x68 E:\bahan mata kuliah politeknik telkom\ganjil 2013-2014\Sistem Interoperabilitas\Project Arduino\AirCasting-Sensor-Bluetooth\build\/lib_duemilanove328_16.a(OneWire.cpp.o)
                0x000057e0                OneWire::write_bit(unsigned char)
 .text._ZN7OneWire5writeEhh
                0x00005848       0x80 E:\bahan mata kuliah politeknik telkom\ganjil 2013-2014\Sistem Interoperabilitas\Project Arduino\AirCasting-Sensor-Bluetooth\build\/lib_duemilanove328_16.a(OneWire.cpp.o)
                0x00005848                OneWire::write(unsigned char, unsigned char)
 .text._ZN7OneWire4skipEv
                0x000058c8        0xa E:\bahan mata kuliah politeknik telkom\ganjil 2013-2014\Sistem Interoperabilitas\Project Arduino\AirCasting-Sensor-Bluetooth\build\/lib_duemilanove328_16.a(OneWire.cpp.o)
                0x000058c8                OneWire::skip()
 .text._ZN7OneWire6selectEPKh
                0x000058d2       0x42 E:\bahan mata kuliah politeknik telkom\ganjil 2013-2014\Sistem Interoperabilitas\Project Arduino\AirCasting-Sensor-Bluetooth\build\/lib_duemilanove328_16.a(OneWire.cpp.o)
                0x000058d2                OneWire::select(unsigned char const*)
 .text._ZN7OneWire5resetEv
                0x00005914       0x96 E:\bahan mata kuliah politeknik telkom\ganjil 2013-2014\Sistem Interoperabilitas\Project Arduino\AirCasting-Sensor-Bluetooth\build\/lib_duemilanove328_16.a(OneWire.cpp.o)
                0x00005914                OneWire::reset()
 .text._ZN7OneWire6searchEPh
                0x000059aa      0x12c E:\bahan mata kuliah politeknik telkom\ganjil 2013-2014\Sistem Interoperabilitas\Project Arduino\AirCasting-Sensor-Bluetooth\build\/lib_duemilanove328_16.a(OneWire.cpp.o)
                0x000059aa                OneWire::search(unsigned char*)
 .text._ZN7OneWireC1Eh
                0x00005ad6       0x50 E:\bahan mata kuliah politeknik telkom\ganjil 2013-2014\Sistem Interoperabilitas\Project Arduino\AirCasting-Sensor-Bluetooth\build\/lib_duemilanove328_16.a(OneWire.cpp.o)
                0x00005ad6                OneWire::OneWire(unsigned char)
 .text._ZN17DallasTemperatureC1EP7OneWire
                0x00005b26       0x1e E:\bahan mata kuliah politeknik telkom\ganjil 2013-2014\Sistem Interoperabilitas\Project Arduino\AirCasting-Sensor-Bluetooth\build\/lib_duemilanove328_16.a(DallasTemperature.cpp.o)
                0x00005b26                DallasTemperature::DallasTemperature(OneWire*)
 .text._ZN17DallasTemperature20calculateTemperatureEPhS0_
                0x00005b44      0x16e E:\bahan mata kuliah politeknik telkom\ganjil 2013-2014\Sistem Interoperabilitas\Project Arduino\AirCasting-Sensor-Bluetooth\build\/lib_duemilanove328_16.a(DallasTemperature.cpp.o)
                0x00005b44                DallasTemperature::calculateTemperature(unsigned char*, unsigned char*)
 .text._ZN17DallasTemperature19defaultAlarmHandlerEPh
                0x00005cb2        0x2 E:\bahan mata kuliah politeknik telkom\ganjil 2013-2014\Sistem Interoperabilitas\Project Arduino\AirCasting-Sensor-Bluetooth\build\/lib_duemilanove328_16.a(DallasTemperature.cpp.o)
                0x00005cb2                DallasTemperature::defaultAlarmHandler(unsigned char*)
 .text._ZN17DallasTemperature15readPowerSupplyEPh
                0x00005cb4       0x58 E:\bahan mata kuliah politeknik telkom\ganjil 2013-2014\Sistem Interoperabilitas\Project Arduino\AirCasting-Sensor-Bluetooth\build\/lib_duemilanove328_16.a(DallasTemperature.cpp.o)
                0x00005cb4                DallasTemperature::readPowerSupply(unsigned char*)
 .text._ZN17DallasTemperature14readScratchPadEPhS0_
                0x00005d0c       0xcc E:\bahan mata kuliah politeknik telkom\ganjil 2013-2014\Sistem Interoperabilitas\Project Arduino\AirCasting-Sensor-Bluetooth\build\/lib_duemilanove328_16.a(DallasTemperature.cpp.o)
                0x00005d0c                DallasTemperature::readScratchPad(unsigned char*, unsigned char*)
 .text._ZN17DallasTemperature21isConversionAvailableEPh
                0x00005dd8       0x36 E:\bahan mata kuliah politeknik telkom\ganjil 2013-2014\Sistem Interoperabilitas\Project Arduino\AirCasting-Sensor-Bluetooth\build\/lib_duemilanove328_16.a(DallasTemperature.cpp.o)
                0x00005dd8                DallasTemperature::isConversionAvailable(unsigned char*)
 .text._ZN17DallasTemperature27blockTillConversionCompleteEPhS0_
                0x00005e0e       0xa2 E:\bahan mata kuliah politeknik telkom\ganjil 2013-2014\Sistem Interoperabilitas\Project Arduino\AirCasting-Sensor-Bluetooth\build\/lib_duemilanove328_16.a(DallasTemperature.cpp.o)
                0x00005e0e                DallasTemperature::blockTillConversionComplete(unsigned char*, unsigned char*)
 .text._ZN17DallasTemperature19requestTemperaturesEv
                0x00005eb0       0x3c E:\bahan mata kuliah politeknik telkom\ganjil 2013-2014\Sistem Interoperabilitas\Project Arduino\AirCasting-Sensor-Bluetooth\build\/lib_duemilanove328_16.a(DallasTemperature.cpp.o)
                0x00005eb0                DallasTemperature::requestTemperatures()
 .text._ZN17DallasTemperature11isConnectedEPhS0_
                0x00005eec       0x26 E:\bahan mata kuliah politeknik telkom\ganjil 2013-2014\Sistem Interoperabilitas\Project Arduino\AirCasting-Sensor-Bluetooth\build\/lib_duemilanove328_16.a(DallasTemperature.cpp.o)
                0x00005eec                DallasTemperature::isConnected(unsigned char*, unsigned char*)
 .text._ZN17DallasTemperature8getTempCEPh
                0x00005f12       0x68 E:\bahan mata kuliah politeknik telkom\ganjil 2013-2014\Sistem Interoperabilitas\Project Arduino\AirCasting-Sensor-Bluetooth\build\/lib_duemilanove328_16.a(DallasTemperature.cpp.o)
                0x00005f12                DallasTemperature::getTempC(unsigned char*)
 .text._ZN17DallasTemperature13getResolutionEPh
                0x00005f7a       0x6c E:\bahan mata kuliah politeknik telkom\ganjil 2013-2014\Sistem Interoperabilitas\Project Arduino\AirCasting-Sensor-Bluetooth\build\/lib_duemilanove328_16.a(DallasTemperature.cpp.o)
                0x00005f7a                DallasTemperature::getResolution(unsigned char*)
 .text._ZN17DallasTemperature12validAddressEPh
                0x00005fe6       0x22 E:\bahan mata kuliah politeknik telkom\ganjil 2013-2014\Sistem Interoperabilitas\Project Arduino\AirCasting-Sensor-Bluetooth\build\/lib_duemilanove328_16.a(DallasTemperature.cpp.o)
                0x00005fe6                DallasTemperature::validAddress(unsigned char*)
 .text._ZN17DallasTemperature10getAddressEPhh
                0x00006008       0x5c E:\bahan mata kuliah politeknik telkom\ganjil 2013-2014\Sistem Interoperabilitas\Project Arduino\AirCasting-Sensor-Bluetooth\build\/lib_duemilanove328_16.a(DallasTemperature.cpp.o)
                0x00006008                DallasTemperature::getAddress(unsigned char*, unsigned char)
 .text._ZN17DallasTemperature15getTempCByIndexEh
                0x00006064       0x4e E:\bahan mata kuliah politeknik telkom\ganjil 2013-2014\Sistem Interoperabilitas\Project Arduino\AirCasting-Sensor-Bluetooth\build\/lib_duemilanove328_16.a(DallasTemperature.cpp.o)
                0x00006064                DallasTemperature::getTempCByIndex(unsigned char)
 .text._ZN17DallasTemperature5beginEv
                0x000060b2       0xd2 E:\bahan mata kuliah politeknik telkom\ganjil 2013-2014\Sistem Interoperabilitas\Project Arduino\AirCasting-Sensor-Bluetooth\build\/lib_duemilanove328_16.a(DallasTemperature.cpp.o)
                0x000060b2                DallasTemperature::begin()
 .text.main     0x00006184       0x1e E:\bahan mata kuliah politeknik telkom\ganjil 2013-2014\Sistem Interoperabilitas\Project Arduino\AirCasting-Sensor-Bluetooth\build\/core_duemilanove328_16.a(main.cpp.o)
                0x00006184                main
 .text._ZN5Print5writeEPKc
                0x000061a2       0x38 E:\bahan mata kuliah politeknik telkom\ganjil 2013-2014\Sistem Interoperabilitas\Project Arduino\AirCasting-Sensor-Bluetooth\build\/core_duemilanove328_16.a(Print.cpp.o)
                0x000061a2                Print::write(char const*)
 .text._ZN5Print11printNumberEmh
                0x000061da       0xc8 E:\bahan mata kuliah politeknik telkom\ganjil 2013-2014\Sistem Interoperabilitas\Project Arduino\AirCasting-Sensor-Bluetooth\build\/core_duemilanove328_16.a(Print.cpp.o)
                0x000061da                Print::printNumber(unsigned long, unsigned char)
 .text._ZN5Print5printEmi
                0x000062a2       0x1e E:\bahan mata kuliah politeknik telkom\ganjil 2013-2014\Sistem Interoperabilitas\Project Arduino\AirCasting-Sensor-Bluetooth\build\/core_duemilanove328_16.a(Print.cpp.o)
                0x000062a2                Print::print(unsigned long, int)
 .text._ZN5Print5printEli
                0x000062c0       0x80 E:\bahan mata kuliah politeknik telkom\ganjil 2013-2014\Sistem Interoperabilitas\Project Arduino\AirCasting-Sensor-Bluetooth\build\/core_duemilanove328_16.a(Print.cpp.o)
                0x000062c0                Print::print(long, int)
 .text._ZN5Print5printEii
                0x00006340       0x26 E:\bahan mata kuliah politeknik telkom\ganjil 2013-2014\Sistem Interoperabilitas\Project Arduino\AirCasting-Sensor-Bluetooth\build\/core_duemilanove328_16.a(Print.cpp.o)
                0x00006340                Print::print(int, int)
 .text._ZN5Print5printEPKc
                0x00006366        0x6 E:\bahan mata kuliah politeknik telkom\ganjil 2013-2014\Sistem Interoperabilitas\Project Arduino\AirCasting-Sensor-Bluetooth\build\/core_duemilanove328_16.a(Print.cpp.o)
                0x00006366                Print::print(char const*)
 .text._ZN5Print10printFloatEdh
                0x0000636c      0x1c8 E:\bahan mata kuliah politeknik telkom\ganjil 2013-2014\Sistem Interoperabilitas\Project Arduino\AirCasting-Sensor-Bluetooth\build\/core_duemilanove328_16.a(Print.cpp.o)
                0x0000636c                Print::printFloat(double, unsigned char)
 .text._ZN5Print5printEdi
                0x00006534        0x6 E:\bahan mata kuliah politeknik telkom\ganjil 2013-2014\Sistem Interoperabilitas\Project Arduino\AirCasting-Sensor-Bluetooth\build\/core_duemilanove328_16.a(Print.cpp.o)
                0x00006534                Print::print(double, int)
 .text.__vector_16
                0x0000653a       0x90 E:\bahan mata kuliah politeknik telkom\ganjil 2013-2014\Sistem Interoperabilitas\Project Arduino\AirCasting-Sensor-Bluetooth\build\/core_duemilanove328_16.a(wiring.c.o)
                0x0000653a                __vector_16
 .text.millis   0x000065ca       0x1c E:\bahan mata kuliah politeknik telkom\ganjil 2013-2014\Sistem Interoperabilitas\Project Arduino\AirCasting-Sensor-Bluetooth\build\/core_duemilanove328_16.a(wiring.c.o)
                0x000065ca                millis
 .text.micros   0x000065e6       0x4c E:\bahan mata kuliah politeknik telkom\ganjil 2013-2014\Sistem Interoperabilitas\Project Arduino\AirCasting-Sensor-Bluetooth\build\/core_duemilanove328_16.a(wiring.c.o)
                0x000065e6                micros
 .text.delay    0x00006632       0x4c E:\bahan mata kuliah politeknik telkom\ganjil 2013-2014\Sistem Interoperabilitas\Project Arduino\AirCasting-Sensor-Bluetooth\build\/core_duemilanove328_16.a(wiring.c.o)
                0x00006632                delay
 .text.delayMicroseconds
                0x0000667e       0x14 E:\bahan mata kuliah politeknik telkom\ganjil 2013-2014\Sistem Interoperabilitas\Project Arduino\AirCasting-Sensor-Bluetooth\build\/core_duemilanove328_16.a(wiring.c.o)
                0x0000667e                delayMicroseconds
 .text.init     0x00006692       0x76 E:\bahan mata kuliah politeknik telkom\ganjil 2013-2014\Sistem Interoperabilitas\Project Arduino\AirCasting-Sensor-Bluetooth\build\/core_duemilanove328_16.a(wiring.c.o)
                0x00006692                init
 .text.analogRead
                0x00006708       0x44 E:\bahan mata kuliah politeknik telkom\ganjil 2013-2014\Sistem Interoperabilitas\Project Arduino\AirCasting-Sensor-Bluetooth\build\/core_duemilanove328_16.a(wiring_analog.c.o)
                0x00006708                analogRead
 .text.analogWrite
                0x0000674c       0xc0 E:\bahan mata kuliah politeknik telkom\ganjil 2013-2014\Sistem Interoperabilitas\Project Arduino\AirCasting-Sensor-Bluetooth\build\/core_duemilanove328_16.a(wiring_analog.c.o)
                0x0000674c                analogWrite
 .text.pinMode  0x0000680c       0x7e E:\bahan mata kuliah politeknik telkom\ganjil 2013-2014\Sistem Interoperabilitas\Project Arduino\AirCasting-Sensor-Bluetooth\build\/core_duemilanove328_16.a(wiring_digital.c.o)
                0x0000680c                pinMode
 .text.turnOffPWM
                0x0000688a       0x5a E:\bahan mata kuliah politeknik telkom\ganjil 2013-2014\Sistem Interoperabilitas\Project Arduino\AirCasting-Sensor-Bluetooth\build\/core_duemilanove328_16.a(wiring_digital.c.o)
 .text.digitalWrite
                0x000068e4       0x66 E:\bahan mata kuliah politeknik telkom\ganjil 2013-2014\Sistem Interoperabilitas\Project Arduino\AirCasting-Sensor-Bluetooth\build\/core_duemilanove328_16.a(wiring_digital.c.o)
                0x000068e4                digitalWrite
 .text.fplib    0x0000694a        0xa e:/codeblocks-arduino baru/codeblocks/bin/../lib/gcc/avr/4.3.3/../../../../avr/lib/avr5\libm.a(addsf3.o)
                0x0000694a                __subsf3
                0x0000694c                __addsf3
 .text.fplib    0x00006954       0xc0 e:/codeblocks-arduino baru/codeblocks/bin/../lib/gcc/avr/4.3.3/../../../../avr/lib/avr5\libm.a(addsf3x.o)
                0x0000696e                __addsf3x
 .text.fplib    0x00006a14        0x8 e:/codeblocks-arduino baru/codeblocks/bin/../lib/gcc/avr/4.3.3/../../../../avr/lib/avr5\libm.a(cmpsf2.o)
                0x00006a14                __lesf2
                0x00006a14                __nesf2
                0x00006a14                __eqsf2
                0x00006a14                __cmpsf2
                0x00006a14                __ltsf2
 .text.fplib    0x00006a1c        0x4 e:/codeblocks-arduino baru/codeblocks/bin/../lib/gcc/avr/4.3.3/../../../../avr/lib/avr5\libm.a(divsf3.o)
                0x00006a1c                __divsf3
 .text.fplib    0x00006a20       0xcc e:/codeblocks-arduino baru/codeblocks/bin/../lib/gcc/avr/4.3.3/../../../../avr/lib/avr5\libm.a(divsf3x.o)
                0x00006a36                __divsf3x
                0x00006a3a                __divsf3_pse
 .text.fplib    0x00006aec        0xa e:/codeblocks-arduino baru/codeblocks/bin/../lib/gcc/avr/4.3.3/../../../../avr/lib/avr5\libm.a(fixsfsi.o)
                0x00006aec                __fixsfsi
 .text.fplib    0x00006af6       0x58 e:/codeblocks-arduino baru/codeblocks/bin/../lib/gcc/avr/4.3.3/../../../../avr/lib/avr5\libm.a(fixunssfsi.o)
                0x00006af6                __fixunssfsi
 .text.fplib    0x00006b4e       0x7a e:/codeblocks-arduino baru/codeblocks/bin/../lib/gcc/avr/4.3.3/../../../../avr/lib/avr5\libm.a(floatsisf.o)
                0x00006b52                __floatsisf
                0x00006b4e                __floatunsisf
 .text.fplib    0x00006bc8       0x48 e:/codeblocks-arduino baru/codeblocks/bin/../lib/gcc/avr/4.3.3/../../../../avr/lib/avr5\libm.a(fp_cmp.o)
                0x00006bc8                __fp_cmp
 .text.fplib    0x00006c10        0xc e:/codeblocks-arduino baru/codeblocks/bin/../lib/gcc/avr/4.3.3/../../../../avr/lib/avr5\libm.a(fp_inf.o)
                0x00006c10                __fp_inf
 .text.fplib    0x00006c1c        0x6 e:/codeblocks-arduino baru/codeblocks/bin/../lib/gcc/avr/4.3.3/../../../../avr/lib/avr5\libm.a(fp_nan.o)
                0x00006c1c                __fp_nan
 .text.fplib    0x00006c22        0xe e:/codeblocks-arduino baru/codeblocks/bin/../lib/gcc/avr/4.3.3/../../../../avr/lib/avr5\libm.a(fp_pscA.o)
                0x00006c22                __fp_pscA
 .text.fplib    0x00006c30        0xe e:/codeblocks-arduino baru/codeblocks/bin/../lib/gcc/avr/4.3.3/../../../../avr/lib/avr5\libm.a(fp_pscB.o)
                0x00006c30                __fp_pscB
 .text.fplib    0x00006c3e       0x22 e:/codeblocks-arduino baru/codeblocks/bin/../lib/gcc/avr/4.3.3/../../../../avr/lib/avr5\libm.a(fp_round.o)
                0x00006c3e                __fp_round
 .text.fplib    0x00006c60       0x44 e:/codeblocks-arduino baru/codeblocks/bin/../lib/gcc/avr/4.3.3/../../../../avr/lib/avr5\libm.a(fp_split3.o)
                0x00006c60                __fp_split3
                0x00006c70                __fp_splitA
 .text.fplib    0x00006ca4        0xe e:/codeblocks-arduino baru/codeblocks/bin/../lib/gcc/avr/4.3.3/../../../../avr/lib/avr5\libm.a(fp_zero.o)
                0x00006ca4                __fp_zero
                0x00006ca6                __fp_szero
 .text.fplib    0x00006cb2        0x8 e:/codeblocks-arduino baru/codeblocks/bin/../lib/gcc/avr/4.3.3/../../../../avr/lib/avr5\libm.a(gesf2.o)
                0x00006cb2                __gtsf2
                0x00006cb2                __gesf2
 .text.fplib    0x00006cba        0x4 e:/codeblocks-arduino baru/codeblocks/bin/../lib/gcc/avr/4.3.3/../../../../avr/lib/avr5\libm.a(mulsf3.o)
                0x00006cba                __mulsf3
 .text.fplib    0x00006cbe       0xc2 e:/codeblocks-arduino baru/codeblocks/bin/../lib/gcc/avr/4.3.3/../../../../avr/lib/avr5\libm.a(mulsf3x.o)
                0x00006cd6                __mulsf3_pse
                0x00006cd2                __mulsf3x
 .text.fplib    0x00006d80        0x8 e:/codeblocks-arduino baru/codeblocks/bin/../lib/gcc/avr/4.3.3/../../../../avr/lib/avr5\libm.a(unordsf2.o)
                0x00006d80                __unordsf2
 .text.libgcc   0x00006d88       0x3e e:/codeblocks-arduino baru/codeblocks/bin/../lib/gcc/avr/4.3.3/avr5\libgcc.a(_mulsi3.o)
                0x00006d88                __mulsi3
 .text.libgcc   0x00006dc6       0x44 e:/codeblocks-arduino baru/codeblocks/bin/../lib/gcc/avr/4.3.3/avr5\libgcc.a(_udivmodsi4.o)
                0x00006dc6                __udivmodsi4
 .text.libgcc   0x00006e0a        0xc e:/codeblocks-arduino baru/codeblocks/bin/../lib/gcc/avr/4.3.3/avr5\libgcc.a(_tablejump.o)
                0x00006e0e                __tablejump__
                0x00006e0a                __tablejump2__
                0x00006e16                . = ALIGN (0x2)
 *(.fini9)
 .fini9         0x00006e16        0x0 e:/codeblocks-arduino baru/codeblocks/bin/../lib/gcc/avr/4.3.3/avr5\libgcc.a(_exit.o)
                0x00006e16                exit
                0x00006e16                _exit
 *(.fini9)
 *(.fini8)
 *(.fini8)
 *(.fini7)
 *(.fini7)
 *(.fini6)
 *(.fini6)
 *(.fini5)
 *(.fini5)
 *(.fini4)
 *(.fini4)
 *(.fini3)
 *(.fini3)
 *(.fini2)
 *(.fini2)
 *(.fini1)
 *(.fini1)
 *(.fini0)
 .fini0         0x00006e16        0x4 e:/codeblocks-arduino baru/codeblocks/bin/../lib/gcc/avr/4.3.3/avr5\libgcc.a(_exit.o)
 *(.fini0)
                0x00006e1a                _etext = .

.data           0x00800100      0x29c load address 0x00006e1a
                0x00800100                PROVIDE (__data_start, .)
 *(.data)
 .data          0x00800100      0x1f3 build\AirCasting-Sensor-Bluetooth.o
 .data          0x008002f3       0x37 E:\bahan mata kuliah politeknik telkom\ganjil 2013-2014\Sistem Interoperabilitas\Project Arduino\AirCasting-Sensor-Bluetooth\build\/lib_duemilanove328_16.a(BTD.cpp.o)
 .data          0x0080032a        0xe E:\bahan mata kuliah politeknik telkom\ganjil 2013-2014\Sistem Interoperabilitas\Project Arduino\AirCasting-Sensor-Bluetooth\build\/core_duemilanove328_16.a(Print.cpp.o)
 *(.data*)
 .data.circ     0x00800338        0x2 build\AirCasting-Sensor-Bluetooth.o
                0x00800338                circ
 .data.heat     0x0080033a        0x2 build\AirCasting-Sensor-Bluetooth.o
                0x0080033a                heat
 .data.interval
                0x0080033c        0x2 build\AirCasting-Sensor-Bluetooth.o
                0x0080033c                interval
 .data.analog_reference
                0x0080033e        0x1 E:\bahan mata kuliah politeknik telkom\ganjil 2013-2014\Sistem Interoperabilitas\Project Arduino\AirCasting-Sensor-Bluetooth\build\/core_duemilanove328_16.a(wiring_analog.c.o)
                0x0080033e                analog_reference
 *(.rodata)
 *(.rodata*)
 .rodata._ZTV3BTD
                0x0080033f       0x1e E:\bahan mata kuliah politeknik telkom\ganjil 2013-2014\Sistem Interoperabilitas\Project Arduino\AirCasting-Sensor-Bluetooth\build\/lib_duemilanove328_16.a(BTD.cpp.o)
                0x0080033f                vtable for BTD
 .rodata._ZTV16ConfigDescParserILh255ELh1ELh1ELh7EE
                0x0080035d        0x6 E:\bahan mata kuliah politeknik telkom\ganjil 2013-2014\Sistem Interoperabilitas\Project Arduino\AirCasting-Sensor-Bluetooth\build\/lib_duemilanove328_16.a(BTD.cpp.o)
                0x0080035d                vtable for ConfigDescParser<(unsigned char)255, (unsigned char)1, (unsigned char)1, (unsigned char)7>
 .rodata._ZTV16ConfigDescParserILh224ELh1ELh1ELh7EE
                0x00800363        0x6 E:\bahan mata kuliah politeknik telkom\ganjil 2013-2014\Sistem Interoperabilitas\Project Arduino\AirCasting-Sensor-Bluetooth\build\/lib_duemilanove328_16.a(BTD.cpp.o)
                0x00800363                vtable for ConfigDescParser<(unsigned char)224, (unsigned char)1, (unsigned char)1, (unsigned char)7>
 .rodata._ZTV3SPP
                0x00800369       0x28 E:\bahan mata kuliah politeknik telkom\ganjil 2013-2014\Sistem Interoperabilitas\Project Arduino\AirCasting-Sensor-Bluetooth\build\/lib_duemilanove328_16.a(SPP.cpp.o)
                0x00800369                vtable for SPP
 .rodata._ZTV15AddressPoolImplILh16EE
                0x00800391        0xa E:\bahan mata kuliah politeknik telkom\ganjil 2013-2014\Sistem Interoperabilitas\Project Arduino\AirCasting-Sensor-Bluetooth\build\/lib_duemilanove328_16.a(Usb.cpp.o)
                0x00800391                vtable for AddressPoolImpl<(unsigned char)16>
 *(.gnu.linkonce.d*)
                0x0080039c                . = ALIGN (0x2)
 *fill*         0x0080039b        0x1 00
                0x0080039c                _edata = .
                0x0080039c                PROVIDE (__data_end, .)

.bss            0x0080039c      0x2fb
                0x0080039c                PROVIDE (__bss_start, .)
 *(.bss)
 *(.bss*)
 .bss.oneWire   0x0080039c        0xe build\AirCasting-Sensor-Bluetooth.o
                0x0080039c                oneWire
 .bss.sensor    0x008003aa       0x13 build\AirCasting-Sensor-Bluetooth.o
                0x008003aa                sensor
 .bss.Usb       0x008003bd       0x77 build\AirCasting-Sensor-Bluetooth.o
                0x008003bd                Usb
 .bss.Btd       0x00800434       0xf9 build\AirCasting-Sensor-Bluetooth.o
                0x00800434                Btd
 .bss.SerialBT  0x0080052d      0x144 build\AirCasting-Sensor-Bluetooth.o
                0x0080052d                SerialBT
 .bss.CO        0x00800671        0x4 build\AirCasting-Sensor-Bluetooth.o
                0x00800671                CO
 .bss.NO2       0x00800675        0x4 build\AirCasting-Sensor-Bluetooth.o
                0x00800675                NO2
 .bss.enerji    0x00800679        0x4 build\AirCasting-Sensor-Bluetooth.o
                0x00800679                enerji
 .bss.cahaya    0x0080067d        0x2 build\AirCasting-Sensor-Bluetooth.o
                0x0080067d                cahaya
 .bss.humi      0x0080067f        0x2 build\AirCasting-Sensor-Bluetooth.o
                0x0080067f                humi
 .bss.cel       0x00800681        0x2 build\AirCasting-Sensor-Bluetooth.o
                0x00800681                cel
 .bss.previousMillis
                0x00800683        0x4 build\AirCasting-Sensor-Bluetooth.o
                0x00800683                previousMillis
 .bss._ZN8MAX3421eI4TPinI5PortbLh2EES0_IS1_Lh1EEE9vbusStateE
                0x00800687        0x1 build\AirCasting-Sensor-Bluetooth.o
                0x00800687                MAX3421e<TPin<Portb, (unsigned char)2>, TPin<Portb, (unsigned char)1> >::vbusState
 .bss._ZL14usb_task_state
                0x00800688        0x1 E:\bahan mata kuliah politeknik telkom\ganjil 2013-2014\Sistem Interoperabilitas\Project Arduino\AirCasting-Sensor-Bluetooth\build\/lib_duemilanove328_16.a(Usb.cpp.o)
 .bss._ZL9usb_error
                0x00800689        0x1 E:\bahan mata kuliah politeknik telkom\ganjil 2013-2014\Sistem Interoperabilitas\Project Arduino\AirCasting-Sensor-Bluetooth\build\/lib_duemilanove328_16.a(Usb.cpp.o)
 .bss._ZZN3USB4TaskEvE5delay
                0x0080068a        0x4 E:\bahan mata kuliah politeknik telkom\ganjil 2013-2014\Sistem Interoperabilitas\Project Arduino\AirCasting-Sensor-Bluetooth\build\/lib_duemilanove328_16.a(Usb.cpp.o)
 .bss.timer0_overflow_count
                0x0080068e        0x4 E:\bahan mata kuliah politeknik telkom\ganjil 2013-2014\Sistem Interoperabilitas\Project Arduino\AirCasting-Sensor-Bluetooth\build\/core_duemilanove328_16.a(wiring.c.o)
                0x0080068e                timer0_overflow_count
 .bss.timer0_millis
                0x00800692        0x4 E:\bahan mata kuliah politeknik telkom\ganjil 2013-2014\Sistem Interoperabilitas\Project Arduino\AirCasting-Sensor-Bluetooth\build\/core_duemilanove328_16.a(wiring.c.o)
                0x00800692                timer0_millis
 .bss.timer0_fract
                0x00800696        0x1 E:\bahan mata kuliah politeknik telkom\ganjil 2013-2014\Sistem Interoperabilitas\Project Arduino\AirCasting-Sensor-Bluetooth\build\/core_duemilanove328_16.a(wiring.c.o)
 *(COMMON)
                0x00800697                PROVIDE (__bss_end, .)
                0x00006e1a                __data_load_start = LOADADDR (.data)
                0x000070b6                __data_load_end = (__data_load_start + SIZEOF (.data))

.noinit         0x00800697        0x0
                0x00800697                PROVIDE (__noinit_start, .)
 *(.noinit*)
                0x00800697                PROVIDE (__noinit_end, .)
                0x00800697                _end = .
                0x00800697                PROVIDE (__heap_start, .)

.eeprom         0x00810000        0x0
 *(.eeprom*)
                0x00810000                __eeprom_end = .

.fuse
 *(.fuse)
 *(.lfuse)
 *(.hfuse)
 *(.efuse)

.lock
 *(.lock*)

.signature
 *(.signature*)

.stab
 *(.stab)

.stabstr
 *(.stabstr)

.stab.excl
 *(.stab.excl)

.stab.exclstr
 *(.stab.exclstr)

.stab.index
 *(.stab.index)

.stab.indexstr
 *(.stab.indexstr)

.comment
 *(.comment)

.debug
 *(.debug)

.line
 *(.line)

.debug_srcinfo
 *(.debug_srcinfo)

.debug_sfnames
 *(.debug_sfnames)

.debug_aranges
 *(.debug_aranges)

.debug_pubnames
 *(.debug_pubnames)

.debug_info
 *(.debug_info)
 *(.gnu.linkonce.wi.*)

.debug_abbrev
 *(.debug_abbrev)

.debug_line
 *(.debug_line)

.debug_frame
 *(.debug_frame)

.debug_str
 *(.debug_str)

.debug_loc
 *(.debug_loc)

.debug_macinfo
 *(.debug_macinfo)
OUTPUT(build\AirCasting-Sensor-Bluetooth_duemilanove328.elf elf32-avr)
LOAD linker stubs

Cross Reference Table

Symbol                                            File
AddressPoolImpl<(unsigned char)16>::AddressPoolImpl() E:\bahan mata kuliah politeknik telkom\ganjil 2013-2014\Sistem Interoperabilitas\Project Arduino\AirCasting-Sensor-Bluetooth\build\/lib_duemilanove328_16.a(Usb.cpp.o)
AddressPoolImpl<(unsigned char)16>::AllocAddress(unsigned char, bool, unsigned char) E:\bahan mata kuliah politeknik telkom\ganjil 2013-2014\Sistem Interoperabilitas\Project Arduino\AirCasting-Sensor-Bluetooth\build\/lib_duemilanove328_16.a(Usb.cpp.o)
AddressPoolImpl<(unsigned char)16>::FreeAddress(unsigned char) E:\bahan mata kuliah politeknik telkom\ganjil 2013-2014\Sistem Interoperabilitas\Project Arduino\AirCasting-Sensor-Bluetooth\build\/lib_duemilanove328_16.a(Usb.cpp.o)
AddressPoolImpl<(unsigned char)16>::FreeAddressByIndex(unsigned char) E:\bahan mata kuliah politeknik telkom\ganjil 2013-2014\Sistem Interoperabilitas\Project Arduino\AirCasting-Sensor-Bluetooth\build\/lib_duemilanove328_16.a(Usb.cpp.o)
AddressPoolImpl<(unsigned char)16>::GetUsbDevicePtr(unsigned char) E:\bahan mata kuliah politeknik telkom\ganjil 2013-2014\Sistem Interoperabilitas\Project Arduino\AirCasting-Sensor-Bluetooth\build\/lib_duemilanove328_16.a(Usb.cpp.o)
BTD::ACL_event_task()                             E:\bahan mata kuliah politeknik telkom\ganjil 2013-2014\Sistem Interoperabilitas\Project Arduino\AirCasting-Sensor-Bluetooth\build\/lib_duemilanove328_16.a(BTD.cpp.o)
BTD::BTD(USB*)                                    E:\bahan mata kuliah politeknik telkom\ganjil 2013-2014\Sistem Interoperabilitas\Project Arduino\AirCasting-Sensor-Bluetooth\build\/lib_duemilanove328_16.a(BTD.cpp.o)
BTD::BTD(USB*)                                    E:\bahan mata kuliah politeknik telkom\ganjil 2013-2014\Sistem Interoperabilitas\Project Arduino\AirCasting-Sensor-Bluetooth\build\/lib_duemilanove328_16.a(BTD.cpp.o)
                                                  build\AirCasting-Sensor-Bluetooth.o
BTD::BTD_CONTROL_PIPE                             E:\bahan mata kuliah politeknik telkom\ganjil 2013-2014\Sistem Interoperabilitas\Project Arduino\AirCasting-Sensor-Bluetooth\build\/lib_duemilanove328_16.a(BTD.cpp.o)
BTD::BTD_DATAIN_PIPE                              E:\bahan mata kuliah politeknik telkom\ganjil 2013-2014\Sistem Interoperabilitas\Project Arduino\AirCasting-Sensor-Bluetooth\build\/lib_duemilanove328_16.a(BTD.cpp.o)
BTD::BTD_DATAOUT_PIPE                             E:\bahan mata kuliah politeknik telkom\ganjil 2013-2014\Sistem Interoperabilitas\Project Arduino\AirCasting-Sensor-Bluetooth\build\/lib_duemilanove328_16.a(BTD.cpp.o)
BTD::BTD_EVENT_PIPE                               E:\bahan mata kuliah politeknik telkom\ganjil 2013-2014\Sistem Interoperabilitas\Project Arduino\AirCasting-Sensor-Bluetooth\build\/lib_duemilanove328_16.a(BTD.cpp.o)
BTD::ConfigureDevice(unsigned char, unsigned char, bool) E:\bahan mata kuliah politeknik telkom\ganjil 2013-2014\Sistem Interoperabilitas\Project Arduino\AirCasting-Sensor-Bluetooth\build\/lib_duemilanove328_16.a(BTD.cpp.o)
BTD::DEVCLASSOK(unsigned char)                    E:\bahan mata kuliah politeknik telkom\ganjil 2013-2014\Sistem Interoperabilitas\Project Arduino\AirCasting-Sensor-Bluetooth\build\/lib_duemilanove328_16.a(BTD.cpp.o)
BTD::EndpointXtract(unsigned char, unsigned char, unsigned char, unsigned char, USB_ENDPOINT_DESCRIPTOR const*) E:\bahan mata kuliah politeknik telkom\ganjil 2013-2014\Sistem Interoperabilitas\Project Arduino\AirCasting-Sensor-Bluetooth\build\/lib_duemilanove328_16.a(BTD.cpp.o)
BTD::GetAddress()                                 E:\bahan mata kuliah politeknik telkom\ganjil 2013-2014\Sistem Interoperabilitas\Project Arduino\AirCasting-Sensor-Bluetooth\build\/lib_duemilanove328_16.a(BTD.cpp.o)
BTD::HCI_Command(unsigned char*, unsigned int)    E:\bahan mata kuliah politeknik telkom\ganjil 2013-2014\Sistem Interoperabilitas\Project Arduino\AirCasting-Sensor-Bluetooth\build\/lib_duemilanove328_16.a(BTD.cpp.o)
BTD::HCI_event_task()                             E:\bahan mata kuliah politeknik telkom\ganjil 2013-2014\Sistem Interoperabilitas\Project Arduino\AirCasting-Sensor-Bluetooth\build\/lib_duemilanove328_16.a(BTD.cpp.o)
BTD::HCI_task()                                   E:\bahan mata kuliah politeknik telkom\ganjil 2013-2014\Sistem Interoperabilitas\Project Arduino\AirCasting-Sensor-Bluetooth\build\/lib_duemilanove328_16.a(BTD.cpp.o)
BTD::Init(unsigned char, unsigned char, bool)     E:\bahan mata kuliah politeknik telkom\ganjil 2013-2014\Sistem Interoperabilitas\Project Arduino\AirCasting-Sensor-Bluetooth\build\/lib_duemilanove328_16.a(BTD.cpp.o)
BTD::L2CAP_Command(unsigned int, unsigned char*, unsigned char, unsigned char, unsigned char) E:\bahan mata kuliah politeknik telkom\ganjil 2013-2014\Sistem Interoperabilitas\Project Arduino\AirCasting-Sensor-Bluetooth\build\/lib_duemilanove328_16.a(BTD.cpp.o)
                                                  E:\bahan mata kuliah politeknik telkom\ganjil 2013-2014\Sistem Interoperabilitas\Project Arduino\AirCasting-Sensor-Bluetooth\build\/lib_duemilanove328_16.a(SPP.cpp.o)
BTD::Poll()                                       E:\bahan mata kuliah politeknik telkom\ganjil 2013-2014\Sistem Interoperabilitas\Project Arduino\AirCasting-Sensor-Bluetooth\build\/lib_duemilanove328_16.a(BTD.cpp.o)
BTD::PrintEndpointDescriptor(USB_ENDPOINT_DESCRIPTOR const*) E:\bahan mata kuliah politeknik telkom\ganjil 2013-2014\Sistem Interoperabilitas\Project Arduino\AirCasting-Sensor-Bluetooth\build\/lib_duemilanove328_16.a(BTD.cpp.o)
BTD::Release()                                    E:\bahan mata kuliah politeknik telkom\ganjil 2013-2014\Sistem Interoperabilitas\Project Arduino\AirCasting-Sensor-Bluetooth\build\/lib_duemilanove328_16.a(BTD.cpp.o)
BTD::VIDPIDOK(unsigned int, unsigned int)         E:\bahan mata kuliah politeknik telkom\ganjil 2013-2014\Sistem Interoperabilitas\Project Arduino\AirCasting-Sensor-Bluetooth\build\/lib_duemilanove328_16.a(BTD.cpp.o)
BTD::clearAllVariables()                          E:\bahan mata kuliah politeknik telkom\ganjil 2013-2014\Sistem Interoperabilitas\Project Arduino\AirCasting-Sensor-Bluetooth\build\/lib_duemilanove328_16.a(BTD.cpp.o)
BTD::hci_accept_connection()                      E:\bahan mata kuliah politeknik telkom\ganjil 2013-2014\Sistem Interoperabilitas\Project Arduino\AirCasting-Sensor-Bluetooth\build\/lib_duemilanove328_16.a(BTD.cpp.o)
BTD::hci_authentication_request()                 E:\bahan mata kuliah politeknik telkom\ganjil 2013-2014\Sistem Interoperabilitas\Project Arduino\AirCasting-Sensor-Bluetooth\build\/lib_duemilanove328_16.a(BTD.cpp.o)
BTD::hci_connect()                                E:\bahan mata kuliah politeknik telkom\ganjil 2013-2014\Sistem Interoperabilitas\Project Arduino\AirCasting-Sensor-Bluetooth\build\/lib_duemilanove328_16.a(BTD.cpp.o)
BTD::hci_connect(unsigned char*)                  E:\bahan mata kuliah politeknik telkom\ganjil 2013-2014\Sistem Interoperabilitas\Project Arduino\AirCasting-Sensor-Bluetooth\build\/lib_duemilanove328_16.a(BTD.cpp.o)
BTD::hci_disconnect(unsigned int)                 E:\bahan mata kuliah politeknik telkom\ganjil 2013-2014\Sistem Interoperabilitas\Project Arduino\AirCasting-Sensor-Bluetooth\build\/lib_duemilanove328_16.a(BTD.cpp.o)
                                                  E:\bahan mata kuliah politeknik telkom\ganjil 2013-2014\Sistem Interoperabilitas\Project Arduino\AirCasting-Sensor-Bluetooth\build\/lib_duemilanove328_16.a(SPP.cpp.o)
BTD::hci_inquiry()                                E:\bahan mata kuliah politeknik telkom\ganjil 2013-2014\Sistem Interoperabilitas\Project Arduino\AirCasting-Sensor-Bluetooth\build\/lib_duemilanove328_16.a(BTD.cpp.o)
BTD::hci_inquiry_cancel()                         E:\bahan mata kuliah politeknik telkom\ganjil 2013-2014\Sistem Interoperabilitas\Project Arduino\AirCasting-Sensor-Bluetooth\build\/lib_duemilanove328_16.a(BTD.cpp.o)
BTD::hci_link_key_request_negative_reply()        E:\bahan mata kuliah politeknik telkom\ganjil 2013-2014\Sistem Interoperabilitas\Project Arduino\AirCasting-Sensor-Bluetooth\build\/lib_duemilanove328_16.a(BTD.cpp.o)
BTD::hci_pin_code_negative_request_reply()        E:\bahan mata kuliah politeknik telkom\ganjil 2013-2014\Sistem Interoperabilitas\Project Arduino\AirCasting-Sensor-Bluetooth\build\/lib_duemilanove328_16.a(BTD.cpp.o)
BTD::hci_pin_code_request_reply()                 E:\bahan mata kuliah politeknik telkom\ganjil 2013-2014\Sistem Interoperabilitas\Project Arduino\AirCasting-Sensor-Bluetooth\build\/lib_duemilanove328_16.a(BTD.cpp.o)
BTD::hci_read_bdaddr()                            E:\bahan mata kuliah politeknik telkom\ganjil 2013-2014\Sistem Interoperabilitas\Project Arduino\AirCasting-Sensor-Bluetooth\build\/lib_duemilanove328_16.a(BTD.cpp.o)
BTD::hci_read_local_version_information()         E:\bahan mata kuliah politeknik telkom\ganjil 2013-2014\Sistem Interoperabilitas\Project Arduino\AirCasting-Sensor-Bluetooth\build\/lib_duemilanove328_16.a(BTD.cpp.o)
BTD::hci_remote_name()                            E:\bahan mata kuliah politeknik telkom\ganjil 2013-2014\Sistem Interoperabilitas\Project Arduino\AirCasting-Sensor-Bluetooth\build\/lib_duemilanove328_16.a(BTD.cpp.o)
BTD::hci_reset()                                  E:\bahan mata kuliah politeknik telkom\ganjil 2013-2014\Sistem Interoperabilitas\Project Arduino\AirCasting-Sensor-Bluetooth\build\/lib_duemilanove328_16.a(BTD.cpp.o)
BTD::hci_set_local_name(char const*)              E:\bahan mata kuliah politeknik telkom\ganjil 2013-2014\Sistem Interoperabilitas\Project Arduino\AirCasting-Sensor-Bluetooth\build\/lib_duemilanove328_16.a(BTD.cpp.o)
BTD::hci_write_class_of_device()                  E:\bahan mata kuliah politeknik telkom\ganjil 2013-2014\Sistem Interoperabilitas\Project Arduino\AirCasting-Sensor-Bluetooth\build\/lib_duemilanove328_16.a(BTD.cpp.o)
BTD::hci_write_scan_disable()                     E:\bahan mata kuliah politeknik telkom\ganjil 2013-2014\Sistem Interoperabilitas\Project Arduino\AirCasting-Sensor-Bluetooth\build\/lib_duemilanove328_16.a(BTD.cpp.o)
BTD::hci_write_scan_enable()                      E:\bahan mata kuliah politeknik telkom\ganjil 2013-2014\Sistem Interoperabilitas\Project Arduino\AirCasting-Sensor-Bluetooth\build\/lib_duemilanove328_16.a(BTD.cpp.o)
BTD::isReady()                                    E:\bahan mata kuliah politeknik telkom\ganjil 2013-2014\Sistem Interoperabilitas\Project Arduino\AirCasting-Sensor-Bluetooth\build\/lib_duemilanove328_16.a(BTD.cpp.o)
BTD::l2cap_config_request(unsigned int, unsigned char, unsigned char*) E:\bahan mata kuliah politeknik telkom\ganjil 2013-2014\Sistem Interoperabilitas\Project Arduino\AirCasting-Sensor-Bluetooth\build\/lib_duemilanove328_16.a(BTD.cpp.o)
                                                  E:\bahan mata kuliah politeknik telkom\ganjil 2013-2014\Sistem Interoperabilitas\Project Arduino\AirCasting-Sensor-Bluetooth\build\/lib_duemilanove328_16.a(SPP.cpp.o)
BTD::l2cap_config_response(unsigned int, unsigned char, unsigned char*) E:\bahan mata kuliah politeknik telkom\ganjil 2013-2014\Sistem Interoperabilitas\Project Arduino\AirCasting-Sensor-Bluetooth\build\/lib_duemilanove328_16.a(BTD.cpp.o)
                                                  E:\bahan mata kuliah politeknik telkom\ganjil 2013-2014\Sistem Interoperabilitas\Project Arduino\AirCasting-Sensor-Bluetooth\build\/lib_duemilanove328_16.a(SPP.cpp.o)
BTD::l2cap_connection_request(unsigned int, unsigned char, unsigned char*, unsigned int) E:\bahan mata kuliah politeknik telkom\ganjil 2013-2014\Sistem Interoperabilitas\Project Arduino\AirCasting-Sensor-Bluetooth\build\/lib_duemilanove328_16.a(BTD.cpp.o)
BTD::l2cap_connection_response(unsigned int, unsigned char, unsigned char*, unsigned char*, unsigned char) E:\bahan mata kuliah politeknik telkom\ganjil 2013-2014\Sistem Interoperabilitas\Project Arduino\AirCasting-Sensor-Bluetooth\build\/lib_duemilanove328_16.a(BTD.cpp.o)
                                                  E:\bahan mata kuliah politeknik telkom\ganjil 2013-2014\Sistem Interoperabilitas\Project Arduino\AirCasting-Sensor-Bluetooth\build\/lib_duemilanove328_16.a(SPP.cpp.o)
BTD::l2cap_disconnection_request(unsigned int, unsigned char, unsigned char*, unsigned char*) E:\bahan mata kuliah politeknik telkom\ganjil 2013-2014\Sistem Interoperabilitas\Project Arduino\AirCasting-Sensor-Bluetooth\build\/lib_duemilanove328_16.a(BTD.cpp.o)
                                                  E:\bahan mata kuliah politeknik telkom\ganjil 2013-2014\Sistem Interoperabilitas\Project Arduino\AirCasting-Sensor-Bluetooth\build\/lib_duemilanove328_16.a(SPP.cpp.o)
BTD::l2cap_disconnection_response(unsigned int, unsigned char, unsigned char*, unsigned char*) E:\bahan mata kuliah politeknik telkom\ganjil 2013-2014\Sistem Interoperabilitas\Project Arduino\AirCasting-Sensor-Bluetooth\build\/lib_duemilanove328_16.a(BTD.cpp.o)
                                                  E:\bahan mata kuliah politeknik telkom\ganjil 2013-2014\Sistem Interoperabilitas\Project Arduino\AirCasting-Sensor-Bluetooth\build\/lib_duemilanove328_16.a(SPP.cpp.o)
BTD::l2cap_information_response(unsigned int, unsigned char, unsigned char, unsigned char) E:\bahan mata kuliah politeknik telkom\ganjil 2013-2014\Sistem Interoperabilitas\Project Arduino\AirCasting-Sensor-Bluetooth\build\/lib_duemilanove328_16.a(BTD.cpp.o)
                                                  E:\bahan mata kuliah politeknik telkom\ganjil 2013-2014\Sistem Interoperabilitas\Project Arduino\AirCasting-Sensor-Bluetooth\build\/lib_duemilanove328_16.a(SPP.cpp.o)
BTD::setBdaddr(unsigned char*)                    E:\bahan mata kuliah politeknik telkom\ganjil 2013-2014\Sistem Interoperabilitas\Project Arduino\AirCasting-Sensor-Bluetooth\build\/lib_duemilanove328_16.a(BTD.cpp.o)
BTD::setMoveBdaddr(unsigned char*)                E:\bahan mata kuliah politeknik telkom\ganjil 2013-2014\Sistem Interoperabilitas\Project Arduino\AirCasting-Sensor-Bluetooth\build\/lib_duemilanove328_16.a(BTD.cpp.o)
Btd                                               build\AirCasting-Sensor-Bluetooth.o
ByteSkipper::Skip(unsigned char**, unsigned int*, unsigned int) E:\bahan mata kuliah politeknik telkom\ganjil 2013-2014\Sistem Interoperabilitas\Project Arduino\AirCasting-Sensor-Bluetooth\build\/lib_duemilanove328_16.a(BTD.cpp.o)
CO                                                build\AirCasting-Sensor-Bluetooth.o
ConfigDescParser<(unsigned char)224, (unsigned char)1, (unsigned char)1, (unsigned char)7>::Parse(unsigned int, unsigned char const*, unsigned int const&) E:\bahan mata kuliah politeknik telkom\ganjil 2013-2014\Sistem Interoperabilitas\Project Arduino\AirCasting-Sensor-Bluetooth\build\/lib_duemilanove328_16.a(BTD.cpp.o)
ConfigDescParser<(unsigned char)224, (unsigned char)1, (unsigned char)1, (unsigned char)7>::ParseDescriptor(unsigned char**, unsigned int*) E:\bahan mata kuliah politeknik telkom\ganjil 2013-2014\Sistem Interoperabilitas\Project Arduino\AirCasting-Sensor-Bluetooth\build\/lib_duemilanove328_16.a(BTD.cpp.o)
ConfigDescParser<(unsigned char)255, (unsigned char)1, (unsigned char)1, (unsigned char)7>::Parse(unsigned int, unsigned char const*, unsigned int const&) E:\bahan mata kuliah politeknik telkom\ganjil 2013-2014\Sistem Interoperabilitas\Project Arduino\AirCasting-Sensor-Bluetooth\build\/lib_duemilanove328_16.a(BTD.cpp.o)
ConfigDescParser<(unsigned char)255, (unsigned char)1, (unsigned char)1, (unsigned char)7>::ParseDescriptor(unsigned char**, unsigned int*) E:\bahan mata kuliah politeknik telkom\ganjil 2013-2014\Sistem Interoperabilitas\Project Arduino\AirCasting-Sensor-Bluetooth\build\/lib_duemilanove328_16.a(BTD.cpp.o)
DallasTemperature::DallasTemperature(OneWire*)    E:\bahan mata kuliah politeknik telkom\ganjil 2013-2014\Sistem Interoperabilitas\Project Arduino\AirCasting-Sensor-Bluetooth\build\/lib_duemilanove328_16.a(DallasTemperature.cpp.o)
                                                  build\AirCasting-Sensor-Bluetooth.o
DallasTemperature::DallasTemperature(OneWire*)    E:\bahan mata kuliah politeknik telkom\ganjil 2013-2014\Sistem Interoperabilitas\Project Arduino\AirCasting-Sensor-Bluetooth\build\/lib_duemilanove328_16.a(DallasTemperature.cpp.o)
DallasTemperature::alarmSearch(unsigned char*)    E:\bahan mata kuliah politeknik telkom\ganjil 2013-2014\Sistem Interoperabilitas\Project Arduino\AirCasting-Sensor-Bluetooth\build\/lib_duemilanove328_16.a(DallasTemperature.cpp.o)
DallasTemperature::begin()                        E:\bahan mata kuliah politeknik telkom\ganjil 2013-2014\Sistem Interoperabilitas\Project Arduino\AirCasting-Sensor-Bluetooth\build\/lib_duemilanove328_16.a(DallasTemperature.cpp.o)
                                                  build\AirCasting-Sensor-Bluetooth.o
DallasTemperature::blockTillConversionComplete(unsigned char*, unsigned char*) E:\bahan mata kuliah politeknik telkom\ganjil 2013-2014\Sistem Interoperabilitas\Project Arduino\AirCasting-Sensor-Bluetooth\build\/lib_duemilanove328_16.a(DallasTemperature.cpp.o)
DallasTemperature::calculateTemperature(unsigned char*, unsigned char*) E:\bahan mata kuliah politeknik telkom\ganjil 2013-2014\Sistem Interoperabilitas\Project Arduino\AirCasting-Sensor-Bluetooth\build\/lib_duemilanove328_16.a(DallasTemperature.cpp.o)
DallasTemperature::defaultAlarmHandler(unsigned char*) E:\bahan mata kuliah politeknik telkom\ganjil 2013-2014\Sistem Interoperabilitas\Project Arduino\AirCasting-Sensor-Bluetooth\build\/lib_duemilanove328_16.a(DallasTemperature.cpp.o)
DallasTemperature::getAddress(unsigned char*, unsigned char) E:\bahan mata kuliah politeknik telkom\ganjil 2013-2014\Sistem Interoperabilitas\Project Arduino\AirCasting-Sensor-Bluetooth\build\/lib_duemilanove328_16.a(DallasTemperature.cpp.o)
DallasTemperature::getCheckForConversion()        E:\bahan mata kuliah politeknik telkom\ganjil 2013-2014\Sistem Interoperabilitas\Project Arduino\AirCasting-Sensor-Bluetooth\build\/lib_duemilanove328_16.a(DallasTemperature.cpp.o)
DallasTemperature::getDeviceCount()               E:\bahan mata kuliah politeknik telkom\ganjil 2013-2014\Sistem Interoperabilitas\Project Arduino\AirCasting-Sensor-Bluetooth\build\/lib_duemilanove328_16.a(DallasTemperature.cpp.o)
DallasTemperature::getHighAlarmTemp(unsigned char*) E:\bahan mata kuliah politeknik telkom\ganjil 2013-2014\Sistem Interoperabilitas\Project Arduino\AirCasting-Sensor-Bluetooth\build\/lib_duemilanove328_16.a(DallasTemperature.cpp.o)
DallasTemperature::getLowAlarmTemp(unsigned char*) E:\bahan mata kuliah politeknik telkom\ganjil 2013-2014\Sistem Interoperabilitas\Project Arduino\AirCasting-Sensor-Bluetooth\build\/lib_duemilanove328_16.a(DallasTemperature.cpp.o)
DallasTemperature::getResolution()                E:\bahan mata kuliah politeknik telkom\ganjil 2013-2014\Sistem Interoperabilitas\Project Arduino\AirCasting-Sensor-Bluetooth\build\/lib_duemilanove328_16.a(DallasTemperature.cpp.o)
DallasTemperature::getResolution(unsigned char*)  E:\bahan mata kuliah politeknik telkom\ganjil 2013-2014\Sistem Interoperabilitas\Project Arduino\AirCasting-Sensor-Bluetooth\build\/lib_duemilanove328_16.a(DallasTemperature.cpp.o)
DallasTemperature::getTempC(unsigned char*)       E:\bahan mata kuliah politeknik telkom\ganjil 2013-2014\Sistem Interoperabilitas\Project Arduino\AirCasting-Sensor-Bluetooth\build\/lib_duemilanove328_16.a(DallasTemperature.cpp.o)
DallasTemperature::getTempCByIndex(unsigned char) E:\bahan mata kuliah politeknik telkom\ganjil 2013-2014\Sistem Interoperabilitas\Project Arduino\AirCasting-Sensor-Bluetooth\build\/lib_duemilanove328_16.a(DallasTemperature.cpp.o)
                                                  build\AirCasting-Sensor-Bluetooth.o
DallasTemperature::getTempF(unsigned char*)       E:\bahan mata kuliah politeknik telkom\ganjil 2013-2014\Sistem Interoperabilitas\Project Arduino\AirCasting-Sensor-Bluetooth\build\/lib_duemilanove328_16.a(DallasTemperature.cpp.o)
DallasTemperature::getTempFByIndex(unsigned char) E:\bahan mata kuliah politeknik telkom\ganjil 2013-2014\Sistem Interoperabilitas\Project Arduino\AirCasting-Sensor-Bluetooth\build\/lib_duemilanove328_16.a(DallasTemperature.cpp.o)
DallasTemperature::getWaitForConversion()         E:\bahan mata kuliah politeknik telkom\ganjil 2013-2014\Sistem Interoperabilitas\Project Arduino\AirCasting-Sensor-Bluetooth\build\/lib_duemilanove328_16.a(DallasTemperature.cpp.o)
DallasTemperature::hasAlarm()                     E:\bahan mata kuliah politeknik telkom\ganjil 2013-2014\Sistem Interoperabilitas\Project Arduino\AirCasting-Sensor-Bluetooth\build\/lib_duemilanove328_16.a(DallasTemperature.cpp.o)
DallasTemperature::hasAlarm(unsigned char*)       E:\bahan mata kuliah politeknik telkom\ganjil 2013-2014\Sistem Interoperabilitas\Project Arduino\AirCasting-Sensor-Bluetooth\build\/lib_duemilanove328_16.a(DallasTemperature.cpp.o)
DallasTemperature::isConnected(unsigned char*)    E:\bahan mata kuliah politeknik telkom\ganjil 2013-2014\Sistem Interoperabilitas\Project Arduino\AirCasting-Sensor-Bluetooth\build\/lib_duemilanove328_16.a(DallasTemperature.cpp.o)
DallasTemperature::isConnected(unsigned char*, unsigned char*) E:\bahan mata kuliah politeknik telkom\ganjil 2013-2014\Sistem Interoperabilitas\Project Arduino\AirCasting-Sensor-Bluetooth\build\/lib_duemilanove328_16.a(DallasTemperature.cpp.o)
DallasTemperature::isConversionAvailable(unsigned char*) E:\bahan mata kuliah politeknik telkom\ganjil 2013-2014\Sistem Interoperabilitas\Project Arduino\AirCasting-Sensor-Bluetooth\build\/lib_duemilanove328_16.a(DallasTemperature.cpp.o)
DallasTemperature::isParasitePowerMode()          E:\bahan mata kuliah politeknik telkom\ganjil 2013-2014\Sistem Interoperabilitas\Project Arduino\AirCasting-Sensor-Bluetooth\build\/lib_duemilanove328_16.a(DallasTemperature.cpp.o)
DallasTemperature::processAlarms()                E:\bahan mata kuliah politeknik telkom\ganjil 2013-2014\Sistem Interoperabilitas\Project Arduino\AirCasting-Sensor-Bluetooth\build\/lib_duemilanove328_16.a(DallasTemperature.cpp.o)